Archive member included to satisfy reference by file (symbol)

d:/progra~2/stmicr~1/gcc-ar~1/bin/../lib/gcc/arm-none-eabi/10.3.1/thumb/v6-m/nofp\libgcc.a(_udivsi3.o)
                              CMakeFiles/ST-VFD.elf.dir/Core/Src/system_stm32g0xx.c.obj (__aeabi_uidiv)
d:/progra~2/stmicr~1/gcc-ar~1/bin/../lib/gcc/arm-none-eabi/10.3.1/thumb/v6-m/nofp\libgcc.a(_divsi3.o)
                              CMakeFiles/ST-VFD.elf.dir/Drivers/STM32G0xx_HAL_Driver/Src/stm32g0xx_hal_uart_ex.c.obj (__aeabi_idiv)
d:/progra~2/stmicr~1/gcc-ar~1/bin/../lib/gcc/arm-none-eabi/10.3.1/thumb/v6-m/nofp\libgcc.a(_dvmd_tls.o)
                              d:/progra~2/stmicr~1/gcc-ar~1/bin/../lib/gcc/arm-none-eabi/10.3.1/thumb/v6-m/nofp\libgcc.a(_udivsi3.o) (__aeabi_idiv0)
d:/progra~2/stmicr~1/gcc-ar~1/bin/../lib/gcc/arm-none-eabi/10.3.1/../../../../arm-none-eabi/lib/thumb/v6-m/nofp\libg.a(lib_a-errno.o)
                              CMakeFiles/ST-VFD.elf.dir/Core/Src/syscalls.c.obj (__errno)
d:/progra~2/stmicr~1/gcc-ar~1/bin/../lib/gcc/arm-none-eabi/10.3.1/../../../../arm-none-eabi/lib/thumb/v6-m/nofp\libg.a(lib_a-exit.o)
                              d:/progra~2/stmicr~1/gcc-ar~1/bin/../lib/gcc/arm-none-eabi/10.3.1/../../../../arm-none-eabi/lib/thumb/v6-m/nofp/crt0.o (exit)
d:/progra~2/stmicr~1/gcc-ar~1/bin/../lib/gcc/arm-none-eabi/10.3.1/../../../../arm-none-eabi/lib/thumb/v6-m/nofp\libg.a(lib_a-impure.o)
                              d:/progra~2/stmicr~1/gcc-ar~1/bin/../lib/gcc/arm-none-eabi/10.3.1/../../../../arm-none-eabi/lib/thumb/v6-m/nofp\libg.a(lib_a-exit.o) (_global_impure_ptr)
d:/progra~2/stmicr~1/gcc-ar~1/bin/../lib/gcc/arm-none-eabi/10.3.1/../../../../arm-none-eabi/lib/thumb/v6-m/nofp\libg.a(lib_a-init.o)
                              d:/progra~2/stmicr~1/gcc-ar~1/bin/../lib/gcc/arm-none-eabi/10.3.1/../../../../arm-none-eabi/lib/thumb/v6-m/nofp/crt0.o (__libc_init_array)
d:/progra~2/stmicr~1/gcc-ar~1/bin/../lib/gcc/arm-none-eabi/10.3.1/../../../../arm-none-eabi/lib/thumb/v6-m/nofp\libg.a(lib_a-memset.o)
                              d:/progra~2/stmicr~1/gcc-ar~1/bin/../lib/gcc/arm-none-eabi/10.3.1/../../../../arm-none-eabi/lib/thumb/v6-m/nofp/crt0.o (memset)
d:/progra~2/stmicr~1/gcc-ar~1/bin/../lib/gcc/arm-none-eabi/10.3.1/../../../../arm-none-eabi/lib/thumb/v6-m/nofp\libg.a(lib_a-puts.o)
                              CMakeFiles/ST-VFD.elf.dir/Core/User/Src/index.c.obj (puts)
d:/progra~2/stmicr~1/gcc-ar~1/bin/../lib/gcc/arm-none-eabi/10.3.1/../../../../arm-none-eabi/lib/thumb/v6-m/nofp\libg.a(lib_a-strlen-stub.o)
                              d:/progra~2/stmicr~1/gcc-ar~1/bin/../lib/gcc/arm-none-eabi/10.3.1/../../../../arm-none-eabi/lib/thumb/v6-m/nofp\libg.a(lib_a-puts.o) (strlen)
d:/progra~2/stmicr~1/gcc-ar~1/bin/../lib/gcc/arm-none-eabi/10.3.1/../../../../arm-none-eabi/lib/thumb/v6-m/nofp\libg.a(lib_a-__call_atexit.o)
                              d:/progra~2/stmicr~1/gcc-ar~1/bin/../lib/gcc/arm-none-eabi/10.3.1/../../../../arm-none-eabi/lib/thumb/v6-m/nofp\libg.a(lib_a-exit.o) (__call_exitprocs)
d:/progra~2/stmicr~1/gcc-ar~1/bin/../lib/gcc/arm-none-eabi/10.3.1/../../../../arm-none-eabi/lib/thumb/v6-m/nofp\libg.a(lib_a-atexit.o)
                              d:/progra~2/stmicr~1/gcc-ar~1/bin/../lib/gcc/arm-none-eabi/10.3.1/../../../../arm-none-eabi/lib/thumb/v6-m/nofp\libg.a(lib_a-__call_atexit.o) (atexit)
d:/progra~2/stmicr~1/gcc-ar~1/bin/../lib/gcc/arm-none-eabi/10.3.1/../../../../arm-none-eabi/lib/thumb/v6-m/nofp\libg.a(lib_a-findfp.o)
                              d:/progra~2/stmicr~1/gcc-ar~1/bin/../lib/gcc/arm-none-eabi/10.3.1/../../../../arm-none-eabi/lib/thumb/v6-m/nofp\libg.a(lib_a-puts.o) (__sinit)
d:/progra~2/stmicr~1/gcc-ar~1/bin/../lib/gcc/arm-none-eabi/10.3.1/../../../../arm-none-eabi/lib/thumb/v6-m/nofp\libg.a(lib_a-fini.o)
                              d:/progra~2/stmicr~1/gcc-ar~1/bin/../lib/gcc/arm-none-eabi/10.3.1/../../../../arm-none-eabi/lib/thumb/v6-m/nofp\libg.a(lib_a-__call_atexit.o) (__libc_fini_array)
d:/progra~2/stmicr~1/gcc-ar~1/bin/../lib/gcc/arm-none-eabi/10.3.1/../../../../arm-none-eabi/lib/thumb/v6-m/nofp\libg.a(lib_a-fvwrite.o)
                              d:/progra~2/stmicr~1/gcc-ar~1/bin/../lib/gcc/arm-none-eabi/10.3.1/../../../../arm-none-eabi/lib/thumb/v6-m/nofp\libg.a(lib_a-puts.o) (__sfvwrite_r)
d:/progra~2/stmicr~1/gcc-ar~1/bin/../lib/gcc/arm-none-eabi/10.3.1/../../../../arm-none-eabi/lib/thumb/v6-m/nofp\libg.a(lib_a-fwalk.o)
                              d:/progra~2/stmicr~1/gcc-ar~1/bin/../lib/gcc/arm-none-eabi/10.3.1/../../../../arm-none-eabi/lib/thumb/v6-m/nofp\libg.a(lib_a-findfp.o) (_fwalk)
d:/progra~2/stmicr~1/gcc-ar~1/bin/../lib/gcc/arm-none-eabi/10.3.1/../../../../arm-none-eabi/lib/thumb/v6-m/nofp\libg.a(lib_a-lock.o)
                              d:/progra~2/stmicr~1/gcc-ar~1/bin/../lib/gcc/arm-none-eabi/10.3.1/../../../../arm-none-eabi/lib/thumb/v6-m/nofp\libg.a(lib_a-findfp.o) (__retarget_lock_init_recursive)
[...]
Memory Configuration

Name             Origin             Length             Attributes
RAM              0x20000000         0x00009000         xrw
FLASH            0x08000000         0x00020000         xr
*default*        0x00000000         0xffffffff

Linker script and memory map

LOAD d:/progra~2/stmicr~1/gcc-ar~1/bin/../lib/gcc/arm-none-eabi/10.3.1/thumb/v6-m/nofp/crti.o
LOAD d:/progra~2/stmicr~1/gcc-ar~1/bin/../lib/gcc/arm-none-eabi/10.3.1/thumb/v6-m/nofp/crtbegin.o
LOAD d:/progra~2/stmicr~1/gcc-ar~1/bin/../lib/gcc/arm-none-eabi/10.3.1/../../../../arm-none-eabi/lib/thumb/v6-m/nofp/crt0.o
LOAD CMakeFiles/ST-VFD.elf.dir/Core/Src/dma.c.obj
LOAD CMakeFiles/ST-VFD.elf.dir/Core/Src/gpio.c.obj
LOAD CMakeFiles/ST-VFD.elf.dir/Core/Src/main.c.obj
LOAD CMakeFiles/ST-VFD.elf.dir/Core/Src/stm32g0xx_hal_msp.c.obj
LOAD CMakeFiles/ST-VFD.elf.dir/Core/Src/stm32g0xx_it.c.obj
LOAD CMakeFiles/ST-VFD.elf.dir/Core/Src/syscalls.c.obj
LOAD CMakeFiles/ST-VFD.elf.dir/Core/Src/sysmem.c.obj
LOAD CMakeFiles/ST-VFD.elf.dir/Core/Src/system_stm32g0xx.c.obj
LOAD CMakeFiles/ST-VFD.elf.dir/Core/Src/tim.c.obj
LOAD CMakeFiles/ST-VFD.elf.dir/Core/Src/usart.c.obj
LOAD CMakeFiles/ST-VFD.elf.dir/Core/Startup/startup_stm32g070rbtx.s.obj
LOAD CMakeFiles/ST-VFD.elf.dir/Core/User/Src/esp07s.c.obj
LOAD CMakeFiles/ST-VFD.elf.dir/Core/User/Src/index.c.obj
LOAD CMakeFiles/ST-VFD.elf.dir/Core/User/Src/ws2812b.c.obj
LOAD CMakeFiles/ST-VFD.elf.dir/Drivers/STM32G0xx_HAL_Driver/Src/stm32g0xx_hal.c.obj
LOAD CMakeFiles/ST-VFD.elf.dir/Drivers/STM32G0xx_HAL_Driver/Src/stm32g0xx_hal_cortex.c.obj
LOAD CMakeFiles/ST-VFD.elf.dir/Drivers/STM32G0xx_HAL_Driver/Src/stm32g0xx_hal_dma.c.obj
LOAD CMakeFiles/ST-VFD.elf.dir/Drivers/STM32G0xx_HAL_Driver/Src/stm32g0xx_hal_dma_ex.c.obj
LOAD CMakeFiles/ST-VFD.elf.dir/Drivers/STM32G0xx_HAL_Driver/Src/stm32g0xx_hal_exti.c.obj
LOAD CMakeFiles/ST-VFD.elf.dir/Drivers/STM32G0xx_HAL_Driver/Src/stm32g0xx_hal_flash.c.obj
LOAD CMakeFiles/ST-VFD.elf.dir/Drivers/STM32G0xx_HAL_Driver/Src/stm32g0xx_hal_flash_ex.c.obj
LOAD CMakeFiles/ST-VFD.elf.dir/Drivers/STM32G0xx_HAL_Driver/Src/stm32g0xx_hal_gpio.c.obj
LOAD CMakeFiles/ST-VFD.elf.dir/Drivers/STM32G0xx_HAL_Driver/Src/stm32g0xx_hal_pwr.c.obj
LOAD CMakeFiles/ST-VFD.elf.dir/Drivers/STM32G0xx_HAL_Driver/Src/stm32g0xx_hal_pwr_ex.c.obj
LOAD CMakeFiles/ST-VFD.elf.dir/Drivers/STM32G0xx_HAL_Driver/Src/stm32g0xx_hal_rcc.c.obj
LOAD CMakeFiles/ST-VFD.elf.dir/Drivers/STM32G0xx_HAL_Driver/Src/stm32g0xx_hal_rcc_ex.c.obj
LOAD CMakeFiles/ST-VFD.elf.dir/Drivers/STM32G0xx_HAL_Driver/Src/stm32g0xx_hal_tim.c.obj
LOAD CMakeFiles/ST-VFD.elf.dir/Drivers/STM32G0xx_HAL_Driver/Src/stm32g0xx_hal_tim_ex.c.obj
LOAD CMakeFiles/ST-VFD.elf.dir/Drivers/STM32G0xx_HAL_Driver/Src/stm32g0xx_hal_uart.c.obj
LOAD CMakeFiles/ST-VFD.elf.dir/Drivers/STM32G0xx_HAL_Driver/Src/stm32g0xx_hal_uart_ex.c.obj
LOAD CMakeFiles/ST-VFD.elf.dir/Drivers/STM32G0xx_HAL_Driver/Src/stm32g0xx_ll_dma.c.obj
LOAD CMakeFiles/ST-VFD.elf.dir/Drivers/STM32G0xx_HAL_Driver/Src/stm32g0xx_ll_rcc.c.obj
START GROUP
LOAD d:/progra~2/stmicr~1/gcc-ar~1/bin/../lib/gcc/arm-none-eabi/10.3.1/thumb/v6-m/nofp\libgcc.a
LOAD d:/progra~2/stmicr~1/gcc-ar~1/bin/../lib/gcc/arm-none-eabi/10.3.1/../../../../arm-none-eabi/lib/thumb/v6-m/nofp\libg.a
LOAD d:/progra~2/stmicr~1/gcc-ar~1/bin/../lib/gcc/arm-none-eabi/10.3.1/../../../../arm-none-eabi/lib/thumb/v6-m/nofp\libc.a
END GROUP
LOAD d:/progra~2/stmicr~1/gcc-ar~1/bin/../lib/gcc/arm-none-eabi/10.3.1/thumb/v6-m/nofp/crtend.o
LOAD d:/progra~2/stmicr~1/gcc-ar~1/bin/../lib/gcc/arm-none-eabi/10.3.1/thumb/v6-m/nofp/crtn.o
                0x20009000                _estack = (ORIGIN (RAM) + LENGTH (RAM))
                0x00000200                _Min_Heap_Size = 0x200
                0x00000400                _Min_Stack_Size = 0x400

.isr_vector     0x08000000       0xb8
                0x08000000                . = ALIGN (0x4)
 *(.isr_vector)
 .isr_vector    0x08000000       0xb8 CMakeFiles/ST-VFD.elf.dir/Core/Startup/startup_stm32g070rbtx.s.obj
                0x08000000                g_pfnVectors
                0x080000b8                . = ALIGN (0x4)

.text           0x080000b8     0x4898
                0x080000b8                . = ALIGN (0x4)
 *(.text)
 .text          0x080000b8       0x48 d:/progra~2/stmicr~1/gcc-ar~1/bin/../lib/gcc/arm-none-eabi/10.3.1/thumb/v6-m/nofp/crtbegin.o
 .text          0x08000100      0x114 d:/progra~2/stmicr~1/gcc-ar~1/bin/../lib/gcc/arm-none-eabi/10.3.1/thumb/v6-m/nofp\libgcc.a(_udivsi3.o)
                0x08000100                __aeabi_uidiv
                0x08000100                __udivsi3
                0x0800020c                __aeabi_uidivmod
 .text          0x08000214      0x1d4 d:/progra~2/stmicr~1/gcc-ar~1/bin/../lib/gcc/arm-none-eabi/10.3.1/thumb/v6-m/nofp\libgcc.a(_divsi3.o)
                0x08000214                __divsi3
                0x08000214                __aeabi_idiv
                0x080003e0                __aeabi_idivmod
 .text          0x080003e8        0x4 d:/progra~2/stmicr~1/gcc-ar~1/bin/../lib/gcc/arm-none-eabi/10.3.1/thumb/v6-m/nofp\libgcc.a(_dvmd_tls.o)
                0x080003e8                __aeabi_idiv0
                0x080003e8                __aeabi_ldiv0
 *(.text*)
 .text.MX_DMA_Init
                0x080003ec       0x40 CMakeFiles/ST-VFD.elf.dir/Core/Src/dma.c.obj
                0x080003ec                MX_DMA_Init
 .text.MX_GPIO_Init
                0x0800042c       0xcc CMakeFiles/ST-VFD.elf.dir/Core/Src/gpio.c.obj
                0x0800042c                MX_GPIO_Init
 .text.__io_putchar
                0x080004f8       0x20 CMakeFiles/ST-VFD.elf.dir/Core/Src/main.c.obj
                0x080004f8                __io_putchar
 .text.Error_Handler
                0x08000518        0xa CMakeFiles/ST-VFD.elf.dir/Core/Src/main.c.obj
                0x08000518                Error_Handler
 .text.SystemClock_Config
                0x08000522       0x76 CMakeFiles/ST-VFD.elf.dir/Core/Src/main.c.obj
                0x08000522                SystemClock_Config
 .text.main     0x08000598       0x28 CMakeFiles/ST-VFD.elf.dir/Core/Src/main.c.obj
                0x08000598                main
 .text.HAL_MspInit
                0x080005c0       0x38 CMakeFiles/ST-VFD.elf.dir/Core/Src/stm32g0xx_hal_msp.c.obj
                0x080005c0                HAL_MspInit
 .text.NMI_Handler
                0x080005f8        0x2 CMakeFiles/ST-VFD.elf.dir/Core/Src/stm32g0xx_it.c.obj
                0x080005f8                NMI_Handler
 .text.HardFault_Handler
                0x080005fa        0x2 CMakeFiles/ST-VFD.elf.dir/Core/Src/stm32g0xx_it.c.obj
                0x080005fa                HardFault_Handler
 .text.SVC_Handler
                0x080005fc        0x2 CMakeFiles/ST-VFD.elf.dir/Core/Src/stm32g0xx_it.c.obj
                0x080005fc                SVC_Handler
 .text.PendSV_Handler
                0x080005fe        0x2 CMakeFiles/ST-VFD.elf.dir/Core/Src/stm32g0xx_it.c.obj
                0x080005fe                PendSV_Handler
 .text.SysTick_Handler
                0x08000600        0x8 CMakeFiles/ST-VFD.elf.dir/Core/Src/stm32g0xx_it.c.obj
                0x08000600                SysTick_Handler
 .text.DMA1_Channel1_IRQHandler
                0x08000608       0x10 CMakeFiles/ST-VFD.elf.dir/Core/Src/stm32g0xx_it.c.obj
                0x08000608                DMA1_Channel1_IRQHandler
 .text.DMA1_Channel2_3_IRQHandler
                0x08000618       0x18 CMakeFiles/ST-VFD.elf.dir/Core/Src/stm32g0xx_it.c.obj
                0x08000618                DMA1_Channel2_3_IRQHandler
 .text._read    0x08000630       0x1c CMakeFiles/ST-VFD.elf.dir/Core/Src/syscalls.c.obj
                0x08000630                _read
 .text._write   0x0800064c       0x1c CMakeFiles/ST-VFD.elf.dir/Core/Src/syscalls.c.obj
                0x0800064c                _write
 .text._close   0x08000668        0x6 CMakeFiles/ST-VFD.elf.dir/Core/Src/syscalls.c.obj
                0x08000668                _close
 .text._fstat   0x0800066e        0xa CMakeFiles/ST-VFD.elf.dir/Core/Src/syscalls.c.obj
                0x0800066e                _fstat
 .text._isatty  0x08000678        0x4 CMakeFiles/ST-VFD.elf.dir/Core/Src/syscalls.c.obj
                0x08000678                _isatty
 .text._lseek   0x0800067c        0x4 CMakeFiles/ST-VFD.elf.dir/Core/Src/syscalls.c.obj
                0x0800067c                _lseek
 .text._sbrk    0x08000680       0x48 CMakeFiles/ST-VFD.elf.dir/Core/Src/sysmem.c.obj
                0x08000680                _sbrk
 .text.SystemInit
                0x080006c8        0x2 CMakeFiles/ST-VFD.elf.dir/Core/Src/system_stm32g0xx.c.obj
                0x080006c8                SystemInit
 *fill*         0x080006ca        0x2 
 .text.MX_TIM6_Init
                0x080006cc       0x58 CMakeFiles/ST-VFD.elf.dir/Core/Src/tim.c.obj
                0x080006cc                MX_TIM6_Init
 .text.HAL_TIM_Base_MspInit
                0x08000724       0x90 CMakeFiles/ST-VFD.elf.dir/Core/Src/tim.c.obj
                0x08000724                HAL_TIM_Base_MspInit
 .text.HAL_TIM_MspPostInit
                0x080007b4       0x54 CMakeFiles/ST-VFD.elf.dir/Core/Src/tim.c.obj
                0x080007b4                HAL_TIM_MspPostInit
 .text.MX_TIM15_Init
                0x08000808       0xf0 CMakeFiles/ST-VFD.elf.dir/Core/Src/tim.c.obj
                0x08000808                MX_TIM15_Init
 .text.MX_USART1_UART_Init
                0x080008f8       0x70 CMakeFiles/ST-VFD.elf.dir/Core/Src/usart.c.obj
                0x080008f8                MX_USART1_UART_Init
 .text.MX_USART2_UART_Init
                0x08000968       0x70 CMakeFiles/ST-VFD.elf.dir/Core/Src/usart.c.obj
                0x08000968                MX_USART2_UART_Init
 .text.HAL_UART_MspInit
                0x080009d8      0x160 CMakeFiles/ST-VFD.elf.dir/Core/Src/usart.c.obj
                0x080009d8                HAL_UART_MspInit
 .text.Reset_Handler
                0x08000b38       0x50 CMakeFiles/ST-VFD.elf.dir/Core/Startup/startup_stm32g070rbtx.s.obj
                0x08000b38                Reset_Handler
 .text.Default_Handler
                0x08000b88        0x2 CMakeFiles/ST-VFD.elf.dir/Core/Startup/startup_stm32g070rbtx.s.obj
                0x08000b88                TIM1_CC_IRQHandler
                0x08000b88                TIM6_IRQHandler
                0x08000b88                I2C1_IRQHandler
                0x08000b88                RTC_TAMP_IRQHandler
                0x08000b88                SPI1_IRQHandler
                0x08000b88                USART3_4_IRQHandler
                0x08000b88                EXTI2_3_IRQHandler
                0x08000b88                ADC1_IRQHandler
                0x08000b88                I2C2_IRQHandler
                0x08000b88                TIM17_IRQHandler
                0x08000b88                TIM16_IRQHandler
                0x08000b88                TIM3_IRQHandler
                0x08000b88                EXTI4_15_IRQHandler
                0x08000b88                RCC_IRQHandler
                0x08000b88                Default_Handler
                0x08000b88                TIM14_IRQHandler
                0x08000b88                TIM7_IRQHandler
                0x08000b88                TIM15_IRQHandler
                0x08000b88                EXTI0_1_IRQHandler
                0x08000b88                SPI2_IRQHandler
                0x08000b88                WWDG_IRQHandler
                0x08000b88                DMA1_Ch4_7_DMAMUX1_OVR_IRQHandler
                0x08000b88                USART2_IRQHandler
                0x08000b88                FLASH_IRQHandler
                0x08000b88                USART1_IRQHandler
                0x08000b88                TIM1_BRK_UP_TRG_COM_IRQHandler
 *fill*         0x08000b8a        0x2 
 .text.Run_Service
                0x08000b8c       0x68 CMakeFiles/ST-VFD.elf.dir/Core/User/Src/index.c.obj
                0x08000b8c                Run_Service
 .text.Error_Service_Handler
                0x08000bf4       0x18 CMakeFiles/ST-VFD.elf.dir/Core/User/Src/index.c.obj
                0x08000bf4                Error_Service_Handler
 .text.RGB_SetColor
                0x08000c0c       0xac CMakeFiles/ST-VFD.elf.dir/Core/User/Src/ws2812b.c.obj
                0x08000c0c                RGB_SetColor
 .text.HAL_InitTick
                0x08000cb8       0x58 CMakeFiles/ST-VFD.elf.dir/Drivers/STM32G0xx_HAL_Driver/Src/stm32g0xx_hal.c.obj
                0x08000cb8                HAL_InitTick
 .text.HAL_Init
                0x08000d10       0x28 CMakeFiles/ST-VFD.elf.dir/Drivers/STM32G0xx_HAL_Driver/Src/stm32g0xx_hal.c.obj
                0x08000d10                HAL_Init
 .text.HAL_IncTick
                0x08000d38       0x18 CMakeFiles/ST-VFD.elf.dir/Drivers/STM32G0xx_HAL_Driver/Src/stm32g0xx_hal.c.obj
                0x08000d38                HAL_IncTick
 .text.HAL_GetTick
                0x08000d50        0xc CMakeFiles/ST-VFD.elf.dir/Drivers/STM32G0xx_HAL_Driver/Src/stm32g0xx_hal.c.obj
                0x08000d50                HAL_GetTick
 .text.HAL_Delay
                0x08000d5c       0x24 CMakeFiles/ST-VFD.elf.dir/Drivers/STM32G0xx_HAL_Driver/Src/stm32g0xx_hal.c.obj
                0x08000d5c                HAL_Delay
 .text.HAL_SYSCFG_StrobeDBattpinsConfig
                0x08000d80       0x18 CMakeFiles/ST-VFD.elf.dir/Drivers/STM32G0xx_HAL_Driver/Src/stm32g0xx_hal.c.obj
                0x08000d80                HAL_SYSCFG_StrobeDBattpinsConfig
 .text.HAL_NVIC_SetPriority
                0x08000d98       0x60 CMakeFiles/ST-VFD.elf.dir/Drivers/STM32G0xx_HAL_Driver/Src/stm32g0xx_hal_cortex.c.obj
                0x08000d98                HAL_NVIC_SetPriority
 .text.HAL_NVIC_EnableIRQ
                0x08000df8       0x18 CMakeFiles/ST-VFD.elf.dir/Drivers/STM32G0xx_HAL_Driver/Src/stm32g0xx_hal_cortex.c.obj
                0x08000df8                HAL_NVIC_EnableIRQ
 .text.HAL_SYSTICK_Config
                0x08000e10       0x38 CMakeFiles/ST-VFD.elf.dir/Drivers/STM32G0xx_HAL_Driver/Src/stm32g0xx_hal_cortex.c.obj
                0x08000e10                HAL_SYSTICK_Config
 .text.DMA_SetConfig
                0x08000e48       0x48 CMakeFiles/ST-VFD.elf.dir/Drivers/STM32G0xx_HAL_Driver/Src/stm32g0xx_hal_dma.c.obj
 .text.DMA_CalcDMAMUXChannelBaseAndMask
                0x08000e90       0x38 CMakeFiles/ST-VFD.elf.dir/Drivers/STM32G0xx_HAL_Driver/Src/stm32g0xx_hal_dma.c.obj
 .text.DMA_CalcDMAMUXRequestGenBaseAndMask
                0x08000ec8       0x28 CMakeFiles/ST-VFD.elf.dir/Drivers/STM32G0xx_HAL_Driver/Src/stm32g0xx_hal_dma.c.obj
 .text.HAL_DMA_Init
                0x08000ef0       0xb0 CMakeFiles/ST-VFD.elf.dir/Drivers/STM32G0xx_HAL_Driver/Src/stm32g0xx_hal_dma.c.obj
                0x08000ef0                HAL_DMA_Init
 .text.HAL_DMA_Start_IT
                0x08000fa0       0x9c CMakeFiles/ST-VFD.elf.dir/Drivers/STM32G0xx_HAL_Driver/Src/stm32g0xx_hal_dma.c.obj
                0x08000fa0                HAL_DMA_Start_IT
 .text.HAL_DMA_IRQHandler
                0x0800103c       0xcc CMakeFiles/ST-VFD.elf.dir/Drivers/STM32G0xx_HAL_Driver/Src/stm32g0xx_hal_dma.c.obj
                0x0800103c                HAL_DMA_IRQHandler
 .text.HAL_GPIO_Init
                0x08001108      0x178 CMakeFiles/ST-VFD.elf.dir/Drivers/STM32G0xx_HAL_Driver/Src/stm32g0xx_hal_gpio.c.obj
                0x08001108                HAL_GPIO_Init
 .text.HAL_GPIO_WritePin
                0x08001280        0xc CMakeFiles/ST-VFD.elf.dir/Drivers/STM32G0xx_HAL_Driver/Src/stm32g0xx_hal_gpio.c.obj
                0x08001280                HAL_GPIO_WritePin
 .text.HAL_PWREx_ControlVoltageScaling
                0x0800128c       0x54 CMakeFiles/ST-VFD.elf.dir/Drivers/STM32G0xx_HAL_Driver/Src/stm32g0xx_hal_pwr_ex.c.obj
                0x0800128c                HAL_PWREx_ControlVoltageScaling
 .text.HAL_RCC_OscConfig
                0x080012e0      0x4a4 CMakeFiles/ST-VFD.elf.dir/Drivers/STM32G0xx_HAL_Driver/Src/stm32g0xx_hal_rcc.c.obj
                0x080012e0                HAL_RCC_OscConfig
 .text.HAL_RCC_GetSysClockFreq
                0x08001784       0xb8 CMakeFiles/ST-VFD.elf.dir/Drivers/STM32G0xx_HAL_Driver/Src/stm32g0xx_hal_rcc.c.obj
                0x08001784                HAL_RCC_GetSysClockFreq
 .text.HAL_RCC_ClockConfig
                0x0800183c      0x18c CMakeFiles/ST-VFD.elf.dir/Drivers/STM32G0xx_HAL_Driver/Src/stm32g0xx_hal_rcc.c.obj
                0x0800183c                HAL_RCC_ClockConfig
 .text.HAL_RCC_GetHCLKFreq
                0x080019c8        0xc CMakeFiles/ST-VFD.elf.dir/Drivers/STM32G0xx_HAL_Driver/Src/stm32g0xx_hal_rcc.c.obj
                0x080019c8                HAL_RCC_GetHCLKFreq
 .text.HAL_RCC_GetPCLK1Freq
                0x080019d4       0x28 CMakeFiles/ST-VFD.elf.dir/Drivers/STM32G0xx_HAL_Driver/Src/stm32g0xx_hal_rcc.c.obj
                0x080019d4                HAL_RCC_GetPCLK1Freq
 .text.HAL_RCCEx_PeriphCLKConfig
                0x080019fc      0x190 CMakeFiles/ST-VFD.elf.dir/Drivers/STM32G0xx_HAL_Driver/Src/stm32g0xx_hal_rcc_ex.c.obj
                0x080019fc                HAL_RCCEx_PeriphCLKConfig
 .text.TIM_OC1_SetConfig
                0x08001b8c       0x8c CMakeFiles/ST-VFD.elf.dir/Drivers/STM32G0xx_HAL_Driver/Src/stm32g0xx_hal_tim.c.obj
 .text.TIM_OC3_SetConfig
                0x08001c18       0x94 CMakeFiles/ST-VFD.elf.dir/Drivers/STM32G0xx_HAL_Driver/Src/stm32g0xx_hal_tim.c.obj
 .text.TIM_OC4_SetConfig
                0x08001cac       0x74 CMakeFiles/ST-VFD.elf.dir/Drivers/STM32G0xx_HAL_Driver/Src/stm32g0xx_hal_tim.c.obj
 .text.TIM_OC5_SetConfig
                0x08001d20       0x6c CMakeFiles/ST-VFD.elf.dir/Drivers/STM32G0xx_HAL_Driver/Src/stm32g0xx_hal_tim.c.obj
 .text.TIM_OC6_SetConfig
                0x08001d8c       0x74 CMakeFiles/ST-VFD.elf.dir/Drivers/STM32G0xx_HAL_Driver/Src/stm32g0xx_hal_tim.c.obj
 .text.TIM_TI1_ConfigInputStage
                0x08001e00       0x22 CMakeFiles/ST-VFD.elf.dir/Drivers/STM32G0xx_HAL_Driver/Src/stm32g0xx_hal_tim.c.obj
 *fill*         0x08001e22        0x2 
 .text.TIM_TI2_ConfigInputStage
                0x08001e24       0x28 CMakeFiles/ST-VFD.elf.dir/Drivers/STM32G0xx_HAL_Driver/Src/stm32g0xx_hal_tim.c.obj
 .text.TIM_ITRx_SetConfig
                0x08001e4c       0x14 CMakeFiles/ST-VFD.elf.dir/Drivers/STM32G0xx_HAL_Driver/Src/stm32g0xx_hal_tim.c.obj
 .text.HAL_TIM_PWM_MspInit
                0x08001e60        0x2 CMakeFiles/ST-VFD.elf.dir/Drivers/STM32G0xx_HAL_Driver/Src/stm32g0xx_hal_tim.c.obj
                0x08001e60                HAL_TIM_PWM_MspInit
 .text.HAL_TIM_PWM_PulseFinishedCallback
                0x08001e62        0x2 CMakeFiles/ST-VFD.elf.dir/Drivers/STM32G0xx_HAL_Driver/Src/stm32g0xx_hal_tim.c.obj
                0x08001e62                HAL_TIM_PWM_PulseFinishedCallback
 .text.TIM_DMADelayPulseCplt
                0x08001e64       0x70 CMakeFiles/ST-VFD.elf.dir/Drivers/STM32G0xx_HAL_Driver/Src/stm32g0xx_hal_tim.c.obj
 .text.HAL_TIM_PWM_PulseFinishedHalfCpltCallback
                0x08001ed4        0x2 CMakeFiles/ST-VFD.elf.dir/Drivers/STM32G0xx_HAL_Driver/Src/stm32g0xx_hal_tim.c.obj
                0x08001ed4                HAL_TIM_PWM_PulseFinishedHalfCpltCallback
 .text.TIM_DMADelayPulseHalfCplt
                0x08001ed6       0x3e CMakeFiles/ST-VFD.elf.dir/Drivers/STM32G0xx_HAL_Driver/Src/stm32g0xx_hal_tim.c.obj
                0x08001ed6                TIM_DMADelayPulseHalfCplt
 .text.HAL_TIM_ErrorCallback
                0x08001f14        0x2 CMakeFiles/ST-VFD.elf.dir/Drivers/STM32G0xx_HAL_Driver/Src/stm32g0xx_hal_tim.c.obj
                0x08001f14                HAL_TIM_ErrorCallback
 .text.TIM_DMAError
                0x08001f16       0x5c CMakeFiles/ST-VFD.elf.dir/Drivers/STM32G0xx_HAL_Driver/Src/stm32g0xx_hal_tim.c.obj
                0x08001f16                TIM_DMAError
 *fill*         0x08001f72        0x2 
 .text.TIM_Base_SetConfig
                0x08001f74       0x94 CMakeFiles/ST-VFD.elf.dir/Drivers/STM32G0xx_HAL_Driver/Src/stm32g0xx_hal_tim.c.obj
                0x08001f74                TIM_Base_SetConfig
 .text.HAL_TIM_Base_Init
                0x08002008       0x60 CMakeFiles/ST-VFD.elf.dir/Drivers/STM32G0xx_HAL_Driver/Src/stm32g0xx_hal_tim.c.obj
                0x08002008                HAL_TIM_Base_Init
 .text.HAL_TIM_PWM_Init
                0x08002068       0x60 CMakeFiles/ST-VFD.elf.dir/Drivers/STM32G0xx_HAL_Driver/Src/stm32g0xx_hal_tim.c.obj
                0x08002068                HAL_TIM_PWM_Init
 .text.TIM_OC2_SetConfig
                0x080020c8       0x88 CMakeFiles/ST-VFD.elf.dir/Drivers/STM32G0xx_HAL_Driver/Src/stm32g0xx_hal_tim.c.obj
                0x080020c8                TIM_OC2_SetConfig
 .text.HAL_TIM_PWM_ConfigChannel
                0x08002150      0x144 CMakeFiles/ST-VFD.elf.dir/Drivers/STM32G0xx_HAL_Driver/Src/stm32g0xx_hal_tim.c.obj
                0x08002150                HAL_TIM_PWM_ConfigChannel
 .text.TIM_ETR_SetConfig
                0x08002294       0x18 CMakeFiles/ST-VFD.elf.dir/Drivers/STM32G0xx_HAL_Driver/Src/stm32g0xx_hal_tim.c.obj
                0x08002294                TIM_ETR_SetConfig
 .text.HAL_TIM_ConfigClockSource
                0x080022ac      0x108 CMakeFiles/ST-VFD.elf.dir/Drivers/STM32G0xx_HAL_Driver/Src/stm32g0xx_hal_tim.c.obj
                0x080022ac                HAL_TIM_ConfigClockSource
 .text.TIM_CCxChannelCmd
                0x080023b4       0x1a CMakeFiles/ST-VFD.elf.dir/Drivers/STM32G0xx_HAL_Driver/Src/stm32g0xx_hal_tim.c.obj
                0x080023b4                TIM_CCxChannelCmd
 *fill*         0x080023ce        0x2 
 .text.HAL_TIM_PWM_Start_DMA
                0x080023d0      0x2c0 CMakeFiles/ST-VFD.elf.dir/Drivers/STM32G0xx_HAL_Driver/Src/stm32g0xx_hal_tim.c.obj
                0x080023d0                HAL_TIM_PWM_Start_DMA
 .text.HAL_TIMEx_MasterConfigSynchronization
                0x08002690       0x78 CMakeFiles/ST-VFD.elf.dir/Drivers/STM32G0xx_HAL_Driver/Src/stm32g0xx_hal_tim_ex.c.obj
                0x08002690                HAL_TIMEx_MasterConfigSynchronization
 .text.HAL_TIMEx_ConfigBreakDeadTime
                0x08002708       0xcc CMakeFiles/ST-VFD.elf.dir/Drivers/STM32G0xx_HAL_Driver/Src/stm32g0xx_hal_tim_ex.c.obj
                0x08002708                HAL_TIMEx_ConfigBreakDeadTime
 .text.UART_SetConfig
                0x080027d4      0x1f0 CMakeFiles/ST-VFD.elf.dir/Drivers/STM32G0xx_HAL_Driver/Src/stm32g0xx_hal_uart.c.obj
                0x080027d4                UART_SetConfig
 .text.UART_AdvFeatureConfig
                0x080029c4       0xe0 CMakeFiles/ST-VFD.elf.dir/Drivers/STM32G0xx_HAL_Driver/Src/stm32g0xx_hal_uart.c.obj
                0x080029c4                UART_AdvFeatureConfig
 .text.UART_WaitOnFlagUntilTimeout
                0x08002aa4       0xe4 CMakeFiles/ST-VFD.elf.dir/Drivers/STM32G0xx_HAL_Driver/Src/stm32g0xx_hal_uart.c.obj
                0x08002aa4                UART_WaitOnFlagUntilTimeout
 .text.HAL_UART_Transmit
                0x08002b88       0xf0 CMakeFiles/ST-VFD.elf.dir/Drivers/STM32G0xx_HAL_Driver/Src/stm32g0xx_hal_uart.c.obj
                0x08002b88                HAL_UART_Transmit
 .text.UART_CheckIdleState
                0x08002c78       0x74 CMakeFiles/ST-VFD.elf.dir/Drivers/STM32G0xx_HAL_Driver/Src/stm32g0xx_hal_uart.c.obj
                0x08002c78                UART_CheckIdleState
 .text.HAL_UART_Init
                0x08002cec       0x70 CMakeFiles/ST-VFD.elf.dir/Drivers/STM32G0xx_HAL_Driver/Src/stm32g0xx_hal_uart.c.obj
                0x08002cec                HAL_UART_Init
 .text.UARTEx_SetNbDataToProcess
                0x08002d5c       0x50 CMakeFiles/ST-VFD.elf.dir/Drivers/STM32G0xx_HAL_Driver/Src/stm32g0xx_hal_uart_ex.c.obj
 .text.HAL_UARTEx_DisableFifoMode
                0x08002dac       0x40 CMakeFiles/ST-VFD.elf.dir/Drivers/STM32G0xx_HAL_Driver/Src/stm32g0xx_hal_uart_ex.c.obj
                0x08002dac                HAL_UARTEx_DisableFifoMode
 .text.HAL_UARTEx_SetTxFifoThreshold
                0x08002dec       0x4a CMakeFiles/ST-VFD.elf.dir/Drivers/STM32G0xx_HAL_Driver/Src/stm32g0xx_hal_uart_ex.c.obj
                0x08002dec                HAL_UARTEx_SetTxFifoThreshold
 *fill*         0x08002e36        0x2 
 .text.HAL_UARTEx_SetRxFifoThreshold
                0x08002e38       0x50 CMakeFiles/ST-VFD.elf.dir/Drivers/STM32G0xx_HAL_Driver/Src/stm32g0xx_hal_uart_ex.c.obj
                0x08002e38                HAL_UARTEx_SetRxFifoThreshold
 .text.__errno  0x08002e88        0xc d:/progra~2/stmicr~1/gcc-ar~1/bin/../lib/gcc/arm-none-eabi/10.3.1/../../../../arm-none-eabi/lib/thumb/v6-m/nofp\libg.a(lib_a-errno.o)
                0x08002e88                __errno
 .text.__libc_init_array
                0x08002e94       0x44 d:/progra~2/stmicr~1/gcc-ar~1/bin/../lib/gcc/arm-none-eabi/10.3.1/../../../../arm-none-eabi/lib/thumb/v6-m/nofp\libg.a(lib_a-init.o)
                0x08002e94                __libc_init_array
 .text.memset   0x08002ed8       0xa8 d:/progra~2/stmicr~1/gcc-ar~1/bin/../lib/gcc/arm-none-eabi/10.3.1/../../../../arm-none-eabi/lib/thumb/v6-m/nofp\libg.a(lib_a-memset.o)
                0x08002ed8                memset
 .text._puts_r  0x08002f80       0xa0 d:/progra~2/stmicr~1/gcc-ar~1/bin/../lib/gcc/arm-none-eabi/10.3.1/../../../../arm-none-eabi/lib/thumb/v6-m/nofp\libg.a(lib_a-puts.o)
                0x08002f80                _puts_r
 .text.puts     0x08003020       0x14 d:/progra~2/stmicr~1/gcc-ar~1/bin/../lib/gcc/arm-none-eabi/10.3.1/../../../../arm-none-eabi/lib/thumb/v6-m/nofp\libg.a(lib_a-puts.o)
                0x08003020                puts
 .text.strlen   0x08003034       0x5c d:/progra~2/stmicr~1/gcc-ar~1/bin/../lib/gcc/arm-none-eabi/10.3.1/../../../../arm-none-eabi/lib/thumb/v6-m/nofp\libg.a(lib_a-strlen-stub.o)
                0x08003034                strlen
 .text.startup.register_fini
                0x08003090       0x18 d:/progra~2/stmicr~1/gcc-ar~1/bin/../lib/gcc/arm-none-eabi/10.3.1/../../../../arm-none-eabi/lib/thumb/v6-m/nofp\libg.a(lib_a-__call_atexit.o)
 .text.atexit   0x080030a8       0x10 d:/progra~2/stmicr~1/gcc-ar~1/bin/../lib/gcc/arm-none-eabi/10.3.1/../../../../arm-none-eabi/lib/thumb/v6-m/nofp\libg.a(lib_a-atexit.o)
                0x080030a8                atexit
 .text._cleanup_r
                0x080030b8       0x10 d:/progra~2/stmicr~1/gcc-ar~1/bin/../lib/gcc/arm-none-eabi/10.3.1/../../../../arm-none-eabi/lib/thumb/v6-m/nofp\libg.a(lib_a-findfp.o)
                0x080030b8                _cleanup_r
 .text.__sinit  0x080030c8      0x120 d:/progra~2/stmicr~1/gcc-ar~1/bin/../lib/gcc/arm-none-eabi/10.3.1/../../../../arm-none-eabi/lib/thumb/v6-m/nofp\libg.a(lib_a-findfp.o)
                0x080030c8                __sinit
 .text.__sfp_lock_acquire
                0x080031e8       0x10 d:/progra~2/stmicr~1/gcc-ar~1/bin/../lib/gcc/arm-none-eabi/10.3.1/../../../../arm-none-eabi/lib/thumb/v6-m/nofp\libg.a(lib_a-findfp.o)
                0x080031e8                __sfp_lock_acquire
 .text.__sfp_lock_release
                0x080031f8       0x10 d:/progra~2/stmicr~1/gcc-ar~1/bin/../lib/gcc/arm-none-eabi/10.3.1/../../../../arm-none-eabi/lib/thumb/v6-m/nofp\libg.a(lib_a-findfp.o)
                0x080031f8                __sfp_lock_release
 .text.__libc_fini_array
                0x08003208       0x28 d:/progra~2/stmicr~1/gcc-ar~1/bin/../lib/gcc/arm-none-eabi/10.3.1/../../../../arm-none-eabi/lib/thumb/v6-m/nofp\libg.a(lib_a-fini.o)
                0x08003208                __libc_fini_array
 .text.__sfvwrite_r
                0x08003230      0x2f4 d:/progra~2/stmicr~1/gcc-ar~1/bin/../lib/gcc/arm-none-eabi/10.3.1/../../../../arm-none-eabi/lib/thumb/v6-m/nofp\libg.a(lib_a-fvwrite.o)
                0x08003230                __sfvwrite_r
 .text._fwalk_reent
                0x08003524       0x48 d:/progra~2/stmicr~1/gcc-ar~1/bin/../lib/gcc/arm-none-eabi/10.3.1/../../../../arm-none-eabi/lib/thumb/v6-m/nofp\libg.a(lib_a-fwalk.o)
                0x08003524                _fwalk_reent
 .text.__retarget_lock_init_recursive
                0x0800356c        0x4 d:/progra~2/stmicr~1/gcc-ar~1/bin/../lib/gcc/arm-none-eabi/10.3.1/../../../../arm-none-eabi/lib/thumb/v6-m/nofp\libg.a(lib_a-lock.o)
                0x0800356c                __retarget_lock_init_recursive
 .text.__retarget_lock_close_recursive
                0x08003570        0x4 d:/progra~2/stmicr~1/gcc-ar~1/bin/../lib/gcc/arm-none-eabi/10.3.1/../../../../arm-none-eabi/lib/thumb/v6-m/nofp\libg.a(lib_a-lock.o)
                0x08003570                __retarget_lock_close_recursive
 .text.__retarget_lock_acquire_recursive
                0x08003574        0x4 d:/progra~2/stmicr~1/gcc-ar~1/bin/../lib/gcc/arm-none-eabi/10.3.1/../../../../arm-none-eabi/lib/thumb/v6-m/nofp\libg.a(lib_a-lock.o)
                0x08003574                __retarget_lock_acquire_recursive
 .text.__retarget_lock_release_recursive
                0x08003578        0x4 d:/progra~2/stmicr~1/gcc-ar~1/bin/../lib/gcc/arm-none-eabi/10.3.1/../../../../arm-none-eabi/lib/thumb/v6-m/nofp\libg.a(lib_a-lock.o)
                0x08003578                __retarget_lock_release_recursive
 .text._malloc_r
                0x0800357c      0x584 d:/progra~2/stmicr~1/gcc-ar~1/bin/../lib/gcc/arm-none-eabi/10.3.1/../../../../arm-none-eabi/lib/thumb/v6-m/nofp\libg.a(lib_a-mallocr.o)
                0x0800357c                _malloc_r
 .text.memchr   0x08003b00       0x74 d:/progra~2/stmicr~1/gcc-ar~1/bin/../lib/gcc/arm-none-eabi/10.3.1/../../../../arm-none-eabi/lib/thumb/v6-m/nofp\libg.a(lib_a-memchr-stub.o)
                0x08003b00                memchr
 .text.memcpy   0x08003b74       0xa4 d:/progra~2/stmicr~1/gcc-ar~1/bin/../lib/gcc/arm-none-eabi/10.3.1/../../../../arm-none-eabi/lib/thumb/v6-m/nofp\libg.a(lib_a-memcpy-stub.o)
                0x08003b74                memcpy
 .text.memmove  0x08003c18       0xac d:/progra~2/stmicr~1/gcc-ar~1/bin/../lib/gcc/arm-none-eabi/10.3.1/../../../../arm-none-eabi/lib/thumb/v6-m/nofp\libg.a(lib_a-memmove.o)
                0x08003c18                memmove
 .text.__malloc_lock
                0x08003cc4       0x10 d:/progra~2/stmicr~1/gcc-ar~1/bin/../lib/gcc/arm-none-eabi/10.3.1/../../../../arm-none-eabi/lib/thumb/v6-m/nofp\libg.a(lib_a-mlock.o)
                0x08003cc4                __malloc_lock
 .text.__malloc_unlock
                0x08003cd4       0x10 d:/progra~2/stmicr~1/gcc-ar~1/bin/../lib/gcc/arm-none-eabi/10.3.1/../../../../arm-none-eabi/lib/thumb/v6-m/nofp\libg.a(lib_a-mlock.o)
                0x08003cd4                __malloc_unlock
 .text._realloc_r
                0x08003ce4      0x354 d:/progra~2/stmicr~1/gcc-ar~1/bin/../lib/gcc/arm-none-eabi/10.3.1/../../../../arm-none-eabi/lib/thumb/v6-m/nofp\libg.a(lib_a-reallocr.o)
                0x08003ce4                _realloc_r
 .text._sbrk_r  0x08004038       0x24 d:/progra~2/stmicr~1/gcc-ar~1/bin/../lib/gcc/arm-none-eabi/10.3.1/../../../../arm-none-eabi/lib/thumb/v6-m/nofp\libg.a(lib_a-sbrkr.o)
                0x08004038                _sbrk_r
 .text.__sread  0x0800405c       0x28 d:/progra~2/stmicr~1/gcc-ar~1/bin/../lib/gcc/arm-none-eabi/10.3.1/../../../../arm-none-eabi/lib/thumb/v6-m/nofp\libg.a(lib_a-stdio.o)
                0x0800405c                __sread
 .text.__swrite
                0x08004084       0x40 d:/progra~2/stmicr~1/gcc-ar~1/bin/../lib/gcc/arm-none-eabi/10.3.1/../../../../arm-none-eabi/lib/thumb/v6-m/nofp\libg.a(lib_a-stdio.o)
                0x08004084                __swrite
 .text.__sseek  0x080040c4       0x2c d:/progra~2/stmicr~1/gcc-ar~1/bin/../lib/gcc/arm-none-eabi/10.3.1/../../../../arm-none-eabi/lib/thumb/v6-m/nofp\libg.a(lib_a-stdio.o)
                0x080040c4                __sseek
 .text.__sclose
                0x080040f0        0xc d:/progra~2/stmicr~1/gcc-ar~1/bin/../lib/gcc/arm-none-eabi/10.3.1/../../../../arm-none-eabi/lib/thumb/v6-m/nofp\libg.a(lib_a-stdio.o)
                0x080040f0                __sclose
 .text._write_r
                0x080040fc       0x28 d:/progra~2/stmicr~1/gcc-ar~1/bin/../lib/gcc/arm-none-eabi/10.3.1/../../../../arm-none-eabi/lib/thumb/v6-m/nofp\libg.a(lib_a-writer.o)
                0x080040fc                _write_r
 .text.__swsetup_r
                0x08004124       0xdc d:/progra~2/stmicr~1/gcc-ar~1/bin/../lib/gcc/arm-none-eabi/10.3.1/../../../../arm-none-eabi/lib/thumb/v6-m/nofp\libg.a(lib_a-wsetup.o)
                0x08004124                __swsetup_r
 .text.__register_exitproc
                0x08004200       0xac d:/progra~2/stmicr~1/gcc-ar~1/bin/../lib/gcc/arm-none-eabi/10.3.1/../../../../arm-none-eabi/lib/thumb/v6-m/nofp\libg.a(lib_a-__atexit.o)
                0x08004200                __register_exitproc
 .text._close_r
                0x080042ac       0x24 d:/progra~2/stmicr~1/gcc-ar~1/bin/../lib/gcc/arm-none-eabi/10.3.1/../../../../arm-none-eabi/lib/thumb/v6-m/nofp\libg.a(lib_a-closer.o)
                0x080042ac                _close_r
 .text._fclose_r
                0x080042d0       0xdc d:/progra~2/stmicr~1/gcc-ar~1/bin/../lib/gcc/arm-none-eabi/10.3.1/../../../../arm-none-eabi/lib/thumb/v6-m/nofp\libg.a(lib_a-fclose.o)
                0x080042d0                _fclose_r
 .text.__sflush_r
                0x080043ac      0x140 d:/progra~2/stmicr~1/gcc-ar~1/bin/../lib/gcc/arm-none-eabi/10.3.1/../../../../arm-none-eabi/lib/thumb/v6-m/nofp\libg.a(lib_a-fflush.o)
                0x080043ac                __sflush_r
 .text._fflush_r
                0x080044ec       0x6c d:/progra~2/stmicr~1/gcc-ar~1/bin/../lib/gcc/arm-none-eabi/10.3.1/../../../../arm-none-eabi/lib/thumb/v6-m/nofp\libg.a(lib_a-fflush.o)
                0x080044ec                _fflush_r
 .text._malloc_trim_r
                0x08004558       0x9c d:/progra~2/stmicr~1/gcc-ar~1/bin/../lib/gcc/arm-none-eabi/10.3.1/../../../../arm-none-eabi/lib/thumb/v6-m/nofp\libg.a(lib_a-freer.o)
                0x08004558                _malloc_trim_r
 .text._free_r  0x080045f4      0x1c4 d:/progra~2/stmicr~1/gcc-ar~1/bin/../lib/gcc/arm-none-eabi/10.3.1/../../../../arm-none-eabi/lib/thumb/v6-m/nofp\libg.a(lib_a-freer.o)
                0x080045f4                _free_r
 .text._lseek_r
                0x080047b8       0x28 d:/progra~2/stmicr~1/gcc-ar~1/bin/../lib/gcc/arm-none-eabi/10.3.1/../../../../arm-none-eabi/lib/thumb/v6-m/nofp\libg.a(lib_a-lseekr.o)
                0x080047b8                _lseek_r
 .text.__smakebuf_r
                0x080047e0       0xe4 d:/progra~2/stmicr~1/gcc-ar~1/bin/../lib/gcc/arm-none-eabi/10.3.1/../../../../arm-none-eabi/lib/thumb/v6-m/nofp\libg.a(lib_a-makebuf.o)
                0x080047e0                __smakebuf_r
 .text._read_r  0x080048c4       0x28 d:/progra~2/stmicr~1/gcc-ar~1/bin/../lib/gcc/arm-none-eabi/10.3.1/../../../../arm-none-eabi/lib/thumb/v6-m/nofp\libg.a(lib_a-readr.o)
                0x080048c4                _read_r
 .text._fstat_r
                0x080048ec       0x28 d:/progra~2/stmicr~1/gcc-ar~1/bin/../lib/gcc/arm-none-eabi/10.3.1/../../../../arm-none-eabi/lib/thumb/v6-m/nofp\libg.a(lib_a-fstatr.o)
                0x080048ec                _fstat_r
 .text._isatty_r
                0x08004914       0x24 d:/progra~2/stmicr~1/gcc-ar~1/bin/../lib/gcc/arm-none-eabi/10.3.1/../../../../arm-none-eabi/lib/thumb/v6-m/nofp\libg.a(lib_a-isattyr.o)
                0x08004914                _isatty_r
 *(.glue_7)
 .glue_7        0x08004938        0x0 linker stubs
 *(.glue_7t)
 .glue_7t       0x08004938        0x0 linker stubs
 *(.eh_frame)
 .eh_frame      0x08004938        0x0 d:/progra~2/stmicr~1/gcc-ar~1/bin/../lib/gcc/arm-none-eabi/10.3.1/thumb/v6-m/nofp/crtbegin.o
 *(.init)
 .init          0x08004938        0x4 d:/progra~2/stmicr~1/gcc-ar~1/bin/../lib/gcc/arm-none-eabi/10.3.1/thumb/v6-m/nofp/crti.o
                0x08004938                _init
 .init          0x0800493c        0x8 d:/progra~2/stmicr~1/gcc-ar~1/bin/../lib/gcc/arm-none-eabi/10.3.1/thumb/v6-m/nofp/crtn.o
 *(.fini)
 .fini          0x08004944        0x4 d:/progra~2/stmicr~1/gcc-ar~1/bin/../lib/gcc/arm-none-eabi/10.3.1/thumb/v6-m/nofp/crti.o
                0x08004944                _fini
 .fini          0x08004948        0x8 d:/progra~2/stmicr~1/gcc-ar~1/bin/../lib/gcc/arm-none-eabi/10.3.1/thumb/v6-m/nofp/crtn.o
                0x08004950                . = ALIGN (0x4)
                0x08004950                _etext = .

.vfp11_veneer   0x08004950        0x0
 .vfp11_veneer  0x08004950        0x0 linker stubs

.v4_bx          0x08004950        0x0
 .v4_bx         0x08004950        0x0 linker stubs

.iplt           0x08004950        0x0
 .iplt          0x08004950        0x0 d:/progra~2/stmicr~1/gcc-ar~1/bin/../lib/gcc/arm-none-eabi/10.3.1/thumb/v6-m/nofp/crtbegin.o

.rodata         0x08004950      0x104
                0x08004950                . = ALIGN (0x4)
 *(.rodata)
 *(.rodata*)
 .rodata.AHBPrescTable
                0x08004950       0x40 CMakeFiles/ST-VFD.elf.dir/Core/Src/system_stm32g0xx.c.obj
                0x08004950                AHBPrescTable
 .rodata.APBPrescTable
                0x08004990       0x20 CMakeFiles/ST-VFD.elf.dir/Core/Src/system_stm32g0xx.c.obj
                0x08004990                APBPrescTable
 .rodata.Error_Service_Handler.str1.4
                0x080049b0        0xb CMakeFiles/ST-VFD.elf.dir/Core/User/Src/index.c.obj
 *fill*         0x080049bb        0x1 
 .rodata.RGB_CONST_BLACK
                0x080049bc        0x3 CMakeFiles/ST-VFD.elf.dir/Core/User/Src/index.c.obj
                0x080049bc                RGB_CONST_BLACK
 *fill*         0x080049bf        0x1 
 .rodata.RGB_CONST_ORANGE
                0x080049c0        0x3 CMakeFiles/ST-VFD.elf.dir/Core/User/Src/index.c.obj
                0x080049c0                RGB_CONST_ORANGE
 *fill*         0x080049c3        0x1 
 .rodata.RGB_CONST_RED
                0x080049c4        0x3 CMakeFiles/ST-VFD.elf.dir/Core/User/Src/index.c.obj
                0x080049c4                RGB_CONST_RED
 *fill*         0x080049c7        0x1 
 .rodata.RGB_CONST_WHITE
                0x080049c8        0x3 CMakeFiles/ST-VFD.elf.dir/Core/User/Src/index.c.obj
                0x080049c8                RGB_CONST_WHITE
 *fill*         0x080049cb        0x1 
 .rodata.RGB_CONST_YELLOW
                0x080049cc        0x3 CMakeFiles/ST-VFD.elf.dir/Core/User/Src/index.c.obj
                0x080049cc                RGB_CONST_YELLOW
 *fill*         0x080049cf        0x1 
 .rodata.HAL_TIM_PWM_ConfigChannel
                0x080049d0       0x54 CMakeFiles/ST-VFD.elf.dir/Drivers/STM32G0xx_HAL_Driver/Src/stm32g0xx_hal_tim.c.obj
 .rodata.UARTPrescTable
                0x08004a24       0x18 CMakeFiles/ST-VFD.elf.dir/Drivers/STM32G0xx_HAL_Driver/Src/stm32g0xx_hal_uart.c.obj
                0x08004a24                UARTPrescTable
 .rodata.denominator.0
                0x08004a3c        0x8 CMakeFiles/ST-VFD.elf.dir/Drivers/STM32G0xx_HAL_Driver/Src/stm32g0xx_hal_uart_ex.c.obj
 .rodata.numerator.1
                0x08004a44        0x8 CMakeFiles/ST-VFD.elf.dir/Drivers/STM32G0xx_HAL_Driver/Src/stm32g0xx_hal_uart_ex.c.obj
 .rodata._global_impure_ptr
                0x08004a4c        0x4 d:/progra~2/stmicr~1/gcc-ar~1/bin/../lib/gcc/arm-none-eabi/10.3.1/../../../../arm-none-eabi/lib/thumb/v6-m/nofp\libg.a(lib_a-impure.o)
                0x08004a4c                _global_impure_ptr
 .rodata._puts_r.str1.4
                0x08004a50        0x2 d:/progra~2/stmicr~1/gcc-ar~1/bin/../lib/gcc/arm-none-eabi/10.3.1/../../../../arm-none-eabi/lib/thumb/v6-m/nofp\libg.a(lib_a-puts.o)
                0x08004a54                . = ALIGN (0x4)
 *fill*         0x08004a52        0x2 

.rel.dyn        0x08004a54        0x0
 .rel.iplt      0x08004a54        0x0 d:/progra~2/stmicr~1/gcc-ar~1/bin/../lib/gcc/arm-none-eabi/10.3.1/thumb/v6-m/nofp/crtbegin.o

.ARM.extab      0x08004a54        0x0
                0x08004a54                . = ALIGN (0x4)
 *(.ARM.extab* .gnu.linkonce.armextab.*)
                0x08004a54                . = ALIGN (0x4)

.ARM            0x08004a54        0x0
                0x08004a54                . = ALIGN (0x4)
                0x08004a54                __exidx_start = .
 *(.ARM.exidx*)
                0x08004a54                __exidx_end = .
                0x08004a54                . = ALIGN (0x4)

.preinit_array  0x08004a54        0x0
                0x08004a54                . = ALIGN (0x4)
                0x08004a54                PROVIDE (__preinit_array_start = .)
 *(.preinit_array*)
                0x08004a54                PROVIDE (__preinit_array_end = .)
                0x08004a54                . = ALIGN (0x4)

.init_array     0x08004a54        0x8
                0x08004a54                . = ALIGN (0x4)
                0x08004a54                PROVIDE (__init_array_start = .)
 *(SORT_BY_NAME(.init_array.*))
 .init_array.00000
                0x08004a54        0x4 d:/progra~2/stmicr~1/gcc-ar~1/bin/../lib/gcc/arm-none-eabi/10.3.1/../../../../arm-none-eabi/lib/thumb/v6-m/nofp\libg.a(lib_a-__call_atexit.o)
 *(.init_array*)
 .init_array    0x08004a58        0x4 d:/progra~2/stmicr~1/gcc-ar~1/bin/../lib/gcc/arm-none-eabi/10.3.1/thumb/v6-m/nofp/crtbegin.o
                0x08004a5c                PROVIDE (__init_array_end = .)
                0x08004a5c                . = ALIGN (0x4)

.fini_array     0x08004a5c        0x4
                0x08004a5c                . = ALIGN (0x4)
                0x08004a5c                PROVIDE (__fini_array_start = .)
 *(SORT_BY_NAME(.fini_array.*))
 *(.fini_array*)
 .fini_array    0x08004a5c        0x4 d:/progra~2/stmicr~1/gcc-ar~1/bin/../lib/gcc/arm-none-eabi/10.3.1/thumb/v6-m/nofp/crtbegin.o
                0x08004a60                PROVIDE (__fini_array_end = .)
                0x08004a60                . = ALIGN (0x4)
                0x08004a60                _sidata = LOADADDR (.data)

.data           0x20000000      0x84c load address 0x08004a60
                0x20000000                . = ALIGN (0x4)
                0x20000000                _sdata = .
 *(.data)
 *(.data*)
 .data.SystemCoreClock
                0x20000000        0x4 CMakeFiles/ST-VFD.elf.dir/Core/Src/system_stm32g0xx.c.obj
                0x20000000                SystemCoreClock
 .data.uwTickFreq
                0x20000004        0x1 CMakeFiles/ST-VFD.elf.dir/Drivers/STM32G0xx_HAL_Driver/Src/stm32g0xx_hal.c.obj
                0x20000004                uwTickFreq
 *fill*         0x20000005        0x3 
 .data.uwTickPrio
                0x20000008        0x4 CMakeFiles/ST-VFD.elf.dir/Drivers/STM32G0xx_HAL_Driver/Src/stm32g0xx_hal.c.obj
                0x20000008                uwTickPrio
 .data._impure_ptr
                0x2000000c        0x4 d:/progra~2/stmicr~1/gcc-ar~1/bin/../lib/gcc/arm-none-eabi/10.3.1/../../../../arm-none-eabi/lib/thumb/v6-m/nofp\libg.a(lib_a-impure.o)
                0x2000000c                _impure_ptr
 .data.impure_data
                0x20000010      0x428 d:/progra~2/stmicr~1/gcc-ar~1/bin/../lib/gcc/arm-none-eabi/10.3.1/../../../../arm-none-eabi/lib/thumb/v6-m/nofp\libg.a(lib_a-impure.o)
 .data.__atexit_recursive_mutex
                0x20000438        0x4 d:/progra~2/stmicr~1/gcc-ar~1/bin/../lib/gcc/arm-none-eabi/10.3.1/../../../../arm-none-eabi/lib/thumb/v6-m/nofp\libg.a(lib_a-__call_atexit.o)
                0x20000438                __atexit_recursive_mutex
 .data.__malloc_av_
                0x2000043c      0x408 d:/progra~2/stmicr~1/gcc-ar~1/bin/../lib/gcc/arm-none-eabi/10.3.1/../../../../arm-none-eabi/lib/thumb/v6-m/nofp\libg.a(lib_a-mallocr.o)
                0x2000043c                __malloc_av_
 .data.__malloc_sbrk_base
                0x20000844        0x4 d:/progra~2/stmicr~1/gcc-ar~1/bin/../lib/gcc/arm-none-eabi/10.3.1/../../../../arm-none-eabi/lib/thumb/v6-m/nofp\libg.a(lib_a-mallocr.o)
                0x20000844                __malloc_sbrk_base
 .data.__malloc_trim_threshold
                0x20000848        0x4 d:/progra~2/stmicr~1/gcc-ar~1/bin/../lib/gcc/arm-none-eabi/10.3.1/../../../../arm-none-eabi/lib/thumb/v6-m/nofp\libg.a(lib_a-mallocr.o)
                0x20000848                __malloc_trim_threshold
 *(.RamFunc)
 *(.RamFunc*)
                0x2000084c                . = ALIGN (0x4)
                0x2000084c                _edata = .

.igot.plt       0x2000084c        0x0 load address 0x080052ac
 .igot.plt      0x2000084c        0x0 d:/progra~2/stmicr~1/gcc-ar~1/bin/../lib/gcc/arm-none-eabi/10.3.1/thumb/v6-m/nofp/crtbegin.o
                0x2000084c                . = ALIGN (0x4)

.bss            0x2000084c      0x400 load address 0x080052ac
                0x2000084c                _sbss = .
                0x2000084c                __bss_start__ = _sbss
 *(.bss)
 .bss           0x2000084c       0x1c d:/progra~2/stmicr~1/gcc-ar~1/bin/../lib/gcc/arm-none-eabi/10.3.1/thumb/v6-m/nofp/crtbegin.o
 *(.bss*)
 .bss.__sbrk_heap_end
                0x20000868        0x4 CMakeFiles/ST-VFD.elf.dir/Core/Src/sysmem.c.obj
 .bss.hdma_tim15_ch1
                0x2000086c       0x5c CMakeFiles/ST-VFD.elf.dir/Core/Src/tim.c.obj
                0x2000086c                hdma_tim15_ch1
 .bss.htim15    0x200008c8       0x4c CMakeFiles/ST-VFD.elf.dir/Core/Src/tim.c.obj
                0x200008c8                htim15
 .bss.htim6     0x20000914       0x4c CMakeFiles/ST-VFD.elf.dir/Core/Src/tim.c.obj
                0x20000914                htim6
 .bss.hdma_usart2_rx
                0x20000960       0x5c CMakeFiles/ST-VFD.elf.dir/Core/Src/usart.c.obj
                0x20000960                hdma_usart2_rx
 .bss.hdma_usart2_tx
                0x200009bc       0x5c CMakeFiles/ST-VFD.elf.dir/Core/Src/usart.c.obj
                0x200009bc                hdma_usart2_tx
 .bss.huart1    0x20000a18       0x94 CMakeFiles/ST-VFD.elf.dir/Core/Src/usart.c.obj
                0x20000a18                huart1
 .bss.huart2    0x20000aac       0x94 CMakeFiles/ST-VFD.elf.dir/Core/Src/usart.c.obj
                0x20000aac                huart2
 .bss.rbg_buf   0x20000b40       0xc0 CMakeFiles/ST-VFD.elf.dir/Core/User/Src/ws2812b.c.obj
                0x20000b40                rbg_buf
 .bss.uwTick    0x20000c00        0x4 CMakeFiles/ST-VFD.elf.dir/Drivers/STM32G0xx_HAL_Driver/Src/stm32g0xx_hal.c.obj
                0x20000c00                uwTick
 .bss.__lock___atexit_recursive_mutex
                0x20000c04        0x1 d:/progra~2/stmicr~1/gcc-ar~1/bin/../lib/gcc/arm-none-eabi/10.3.1/../../../../arm-none-eabi/lib/thumb/v6-m/nofp\libg.a(lib_a-lock.o)
                0x20000c04                __lock___atexit_recursive_mutex
 *fill*         0x20000c05        0x3 
 .bss.__lock___malloc_recursive_mutex
                0x20000c08        0x1 d:/progra~2/stmicr~1/gcc-ar~1/bin/../lib/gcc/arm-none-eabi/10.3.1/../../../../arm-none-eabi/lib/thumb/v6-m/nofp\libg.a(lib_a-lock.o)
                0x20000c08                __lock___malloc_recursive_mutex
 *fill*         0x20000c09        0x3 
 .bss.__lock___sfp_recursive_mutex
                0x20000c0c        0x1 d:/progra~2/stmicr~1/gcc-ar~1/bin/../lib/gcc/arm-none-eabi/10.3.1/../../../../arm-none-eabi/lib/thumb/v6-m/nofp\libg.a(lib_a-lock.o)
                0x20000c0c                __lock___sfp_recursive_mutex
 *fill*         0x20000c0d        0x3 
 .bss.__lock___sinit_recursive_mutex
                0x20000c10        0x1 d:/progra~2/stmicr~1/gcc-ar~1/bin/../lib/gcc/arm-none-eabi/10.3.1/../../../../arm-none-eabi/lib/thumb/v6-m/nofp\libg.a(lib_a-lock.o)
                0x20000c10                __lock___sinit_recursive_mutex
 *fill*         0x20000c11        0x3 
 .bss.__malloc_current_mallinfo
                0x20000c14       0x28 d:/progra~2/stmicr~1/gcc-ar~1/bin/../lib/gcc/arm-none-eabi/10.3.1/../../../../arm-none-eabi/lib/thumb/v6-m/nofp\libg.a(lib_a-mallocr.o)
                0x20000c14                __malloc_current_mallinfo
 .bss.__malloc_max_sbrked_mem
                0x20000c3c        0x4 d:/progra~2/stmicr~1/gcc-ar~1/bin/../lib/gcc/arm-none-eabi/10.3.1/../../../../arm-none-eabi/lib/thumb/v6-m/nofp\libg.a(lib_a-mallocr.o)
                0x20000c3c                __malloc_max_sbrked_mem
 .bss.__malloc_max_total_mem
                0x20000c40        0x4 d:/progra~2/stmicr~1/gcc-ar~1/bin/../lib/gcc/arm-none-eabi/10.3.1/../../../../arm-none-eabi/lib/thumb/v6-m/nofp\libg.a(lib_a-mallocr.o)
                0x20000c40                __malloc_max_total_mem
 .bss.__malloc_top_pad
                0x20000c44        0x4 d:/progra~2/stmicr~1/gcc-ar~1/bin/../lib/gcc/arm-none-eabi/10.3.1/../../../../arm-none-eabi/lib/thumb/v6-m/nofp\libg.a(lib_a-mallocr.o)
                0x20000c44                __malloc_top_pad
 .bss.errno     0x20000c48        0x4 d:/progra~2/stmicr~1/gcc-ar~1/bin/../lib/gcc/arm-none-eabi/10.3.1/../../../../arm-none-eabi/lib/thumb/v6-m/nofp\libg.a(lib_a-reent.o)
                0x20000c48                errno
 *(COMMON)
                0x20000c4c                . = ALIGN (0x4)
                0x20000c4c                _ebss = .
                0x20000c4c                __bss_end__ = _ebss

._user_heap_stack
                0x20000c4c      0x604 load address 0x080052ac
                0x20000c50                . = ALIGN (0x8)
 *fill*         0x20000c4c        0x4 
                [!provide]                PROVIDE (end = .)
                0x20000c50                PROVIDE (_end = .)
                0x20000e50                . = (. + _Min_Heap_Size)
 *fill*         0x20000c50      0x200 
                0x20001250                . = (. + _Min_Stack_Size)
 *fill*         0x20000e50      0x400 
                0x20001250                . = ALIGN (0x8)

/DISCARD/
 libc.a(*)
 libm.a(*)
 libgcc.a(*)

.ARM.attributes
                0x00000000       0x28
 *(.ARM.attributes)
 .ARM.attributes
                0x00000000       0x1e d:/progra~2/stmicr~1/gcc-ar~1/bin/../lib/gcc/arm-none-eabi/10.3.1/thumb/v6-m/nofp/crti.o
 .ARM.attributes
                0x0000001e       0x2c d:/progra~2/stmicr~1/gcc-ar~1/bin/../lib/gcc/arm-none-eabi/10.3.1/thumb/v6-m/nofp/crtbegin.o
 .ARM.attributes
                0x0000004a       0x2c CMakeFiles/ST-VFD.elf.dir/Core/Src/dma.c.obj
 .ARM.attributes
                0x00000076       0x2c CMakeFiles/ST-VFD.elf.dir/Core/Src/gpio.c.obj
 .ARM.attributes
                0x000000a2       0x2c CMakeFiles/ST-VFD.elf.dir/Core/Src/main.c.obj
 .ARM.attributes
                0x000000ce       0x2c CMakeFiles/ST-VFD.elf.dir/Core/Src/stm32g0xx_hal_msp.c.obj
 .ARM.attributes
                0x000000fa       0x2c CMakeFiles/ST-VFD.elf.dir/Core/Src/stm32g0xx_it.c.obj
 .ARM.attributes
                0x00000126       0x2c CMakeFiles/ST-VFD.elf.dir/Core/Src/syscalls.c.obj
 .ARM.attributes
                0x00000152       0x2c CMakeFiles/ST-VFD.elf.dir/Core/Src/sysmem.c.obj
 .ARM.attributes
                0x0000017e       0x2c CMakeFiles/ST-VFD.elf.dir/Core/Src/system_stm32g0xx.c.obj
 .ARM.attributes
                0x000001aa       0x2c CMakeFiles/ST-VFD.elf.dir/Core/Src/tim.c.obj
 .ARM.attributes
                0x000001d6       0x2c CMakeFiles/ST-VFD.elf.dir/Core/Src/usart.c.obj
 .ARM.attributes
                0x00000202       0x22 CMakeFiles/ST-VFD.elf.dir/Core/Startup/startup_stm32g070rbtx.s.obj
 .ARM.attributes
                0x00000224       0x2c CMakeFiles/ST-VFD.elf.dir/Core/User/Src/index.c.obj
 .ARM.attributes
                0x00000250       0x2c CMakeFiles/ST-VFD.elf.dir/Core/User/Src/ws2812b.c.obj
 .ARM.attributes
                0x0000027c       0x2c CMakeFiles/ST-VFD.elf.dir/Drivers/STM32G0xx_HAL_Driver/Src/stm32g0xx_hal.c.obj
 .ARM.attributes
                0x000002a8       0x2c CMakeFiles/ST-VFD.elf.dir/Drivers/STM32G0xx_HAL_Driver/Src/stm32g0xx_hal_cortex.c.obj
 .ARM.attributes
                0x000002d4       0x2c CMakeFiles/ST-VFD.elf.dir/Drivers/STM32G0xx_HAL_Driver/Src/stm32g0xx_hal_dma.c.obj
 .ARM.attributes
                0x00000300       0x2c CMakeFiles/ST-VFD.elf.dir/Drivers/STM32G0xx_HAL_Driver/Src/stm32g0xx_hal_gpio.c.obj
 .ARM.attributes
                0x0000032c       0x2c CMakeFiles/ST-VFD.elf.dir/Drivers/STM32G0xx_HAL_Driver/Src/stm32g0xx_hal_pwr_ex.c.obj
 .ARM.attributes
                0x00000358       0x2c CMakeFiles/ST-VFD.elf.dir/Drivers/STM32G0xx_HAL_Driver/Src/stm32g0xx_hal_rcc.c.obj
 .ARM.attributes
                0x00000384       0x2c CMakeFiles/ST-VFD.elf.dir/Drivers/STM32G0xx_HAL_Driver/Src/stm32g0xx_hal_rcc_ex.c.obj
 .ARM.attributes
                0x000003b0       0x2c CMakeFiles/ST-VFD.elf.dir/Drivers/STM32G0xx_HAL_Driver/Src/stm32g0xx_hal_tim.c.obj
 .ARM.attributes
                0x000003dc       0x2c CMakeFiles/ST-VFD.elf.dir/Drivers/STM32G0xx_HAL_Driver/Src/stm32g0xx_hal_tim_ex.c.obj
 .ARM.attributes
                0x00000408       0x2c CMakeFiles/ST-VFD.elf.dir/Drivers/STM32G0xx_HAL_Driver/Src/stm32g0xx_hal_uart.c.obj
 .ARM.attributes
                0x00000434       0x2c CMakeFiles/ST-VFD.elf.dir/Drivers/STM32G0xx_HAL_Driver/Src/stm32g0xx_hal_uart_ex.c.obj
 .ARM.attributes
                0x00000460       0x1e d:/progra~2/stmicr~1/gcc-ar~1/bin/../lib/gcc/arm-none-eabi/10.3.1/thumb/v6-m/nofp\libgcc.a(_udivsi3.o)
 .ARM.attributes
                0x0000047e       0x1e d:/progra~2/stmicr~1/gcc-ar~1/bin/../lib/gcc/arm-none-eabi/10.3.1/thumb/v6-m/nofp\libgcc.a(_divsi3.o)
 .ARM.attributes
                0x0000049c       0x1e d:/progra~2/stmicr~1/gcc-ar~1/bin/../lib/gcc/arm-none-eabi/10.3.1/thumb/v6-m/nofp\libgcc.a(_dvmd_tls.o)
 .ARM.attributes
                0x000004ba       0x2c d:/progra~2/stmicr~1/gcc-ar~1/bin/../lib/gcc/arm-none-eabi/10.3.1/../../../../arm-none-eabi/lib/thumb/v6-m/nofp\libg.a(lib_a-errno.o)
 .ARM.attributes
                0x000004e6       0x2c d:/progra~2/stmicr~1/gcc-ar~1/bin/../lib/gcc/arm-none-eabi/10.3.1/../../../../arm-none-eabi/lib/thumb/v6-m/nofp\libg.a(lib_a-impure.o)
 .ARM.attributes
                0x00000512       0x2c d:/progra~2/stmicr~1/gcc-ar~1/bin/../lib/gcc/arm-none-eabi/10.3.1/../../../../arm-none-eabi/lib/thumb/v6-m/nofp\libg.a(lib_a-init.o)
 .ARM.attributes
                0x0000053e       0x2c d:/progra~2/stmicr~1/gcc-ar~1/bin/../lib/gcc/arm-none-eabi/10.3.1/../../../../arm-none-eabi/lib/thumb/v6-m/nofp\libg.a(lib_a-memset.o)
 .ARM.attributes
                0x0000056a       0x2c d:/progra~2/stmicr~1/gcc-ar~1/bin/../lib/gcc/arm-none-eabi/10.3.1/../../../../arm-none-eabi/lib/thumb/v6-m/nofp\libg.a(lib_a-puts.o)
 .ARM.attributes
                0x00000596       0x2c d:/progra~2/stmicr~1/gcc-ar~1/bin/../lib/gcc/arm-none-eabi/10.3.1/../../../../arm-none-eabi/lib/thumb/v6-m/nofp\libg.a(lib_a-strlen-stub.o)
 .ARM.attributes
                0x000005c2       0x2c d:/progra~2/stmicr~1/gcc-ar~1/bin/../lib/gcc/arm-none-eabi/10.3.1/../../../../arm-none-eabi/lib/thumb/v6-m/nofp\libg.a(lib_a-__call_atexit.o)
 .ARM.attributes
                0x000005ee       0x2c d:/progra~2/stmicr~1/gcc-ar~1/bin/../lib/gcc/arm-none-eabi/10.3.1/../../../../arm-none-eabi/lib/thumb/v6-m/nofp\libg.a(lib_a-atexit.o)
 .ARM.attributes
                0x0000061a       0x2c d:/progra~2/stmicr~1/gcc-ar~1/bin/../lib/gcc/arm-none-eabi/10.3.1/../../../../arm-none-eabi/lib/thumb/v6-m/nofp\libg.a(lib_a-findfp.o)
 .ARM.attributes
                0x00000646       0x2c d:/progra~2/stmicr~1/gcc-ar~1/bin/../lib/gcc/arm-none-eabi/10.3.1/../../../../arm-none-eabi/lib/thumb/v6-m/nofp\libg.a(lib_a-fini.o)
 .ARM.attributes
                0x00000672       0x2c d:/progra~2/stmicr~1/gcc-ar~1/bin/../lib/gcc/arm-none-eabi/10.3.1/../../../../arm-none-eabi/lib/thumb/v6-m/nofp\libg.a(lib_a-fvwrite.o)
 .ARM.attributes
                0x0000069e       0x2c d:/progra~2/stmicr~1/gcc-ar~1/bin/../lib/gcc/arm-none-eabi/10.3.1/../../../../arm-none-eabi/lib/thumb/v6-m/nofp\libg.a(lib_a-fwalk.o)
 .ARM.attributes
                0x000006ca       0x2c d:/progra~2/stmicr~1/gcc-ar~1/bin/../lib/gcc/arm-none-eabi/10.3.1/../../../../arm-none-eabi/lib/thumb/v6-m/nofp\libg.a(lib_a-lock.o)
 .ARM.attributes
                0x000006f6       0x2c d:/progra~2/stmicr~1/gcc-ar~1/bin/../lib/gcc/arm-none-eabi/10.3.1/../../../../arm-none-eabi/lib/thumb/v6-m/nofp\libg.a(lib_a-mallocr.o)
 .ARM.attributes
                0x00000722       0x2c d:/progra~2/stmicr~1/gcc-ar~1/bin/../lib/gcc/arm-none-eabi/10.3.1/../../../../arm-none-eabi/lib/thumb/v6-m/nofp\libg.a(lib_a-memchr-stub.o)
 .ARM.attributes
                0x0000074e       0x2c d:/progra~2/stmicr~1/gcc-ar~1/bin/../lib/gcc/arm-none-eabi/10.3.1/../../../../arm-none-eabi/lib/thumb/v6-m/nofp\libg.a(lib_a-memcpy-stub.o)
 .ARM.attributes
                0x0000077a       0x2c d:/progra~2/stmicr~1/gcc-ar~1/bin/../lib/gcc/arm-none-eabi/10.3.1/../../../../arm-none-eabi/lib/thumb/v6-m/nofp\libg.a(lib_a-memmove.o)
 .ARM.attributes
                0x000007a6       0x2c d:/progra~2/stmicr~1/gcc-ar~1/bin/../lib/gcc/arm-none-eabi/10.3.1/../../../../arm-none-eabi/lib/thumb/v6-m/nofp\libg.a(lib_a-mlock.o)
 .ARM.attributes
                0x000007d2       0x2c d:/progra~2/stmicr~1/gcc-ar~1/bin/../lib/gcc/arm-none-eabi/10.3.1/../../../../arm-none-eabi/lib/thumb/v6-m/nofp\libg.a(lib_a-reallocr.o)
 .ARM.attributes
                0x000007fe       0x2c d:/progra~2/stmicr~1/gcc-ar~1/bin/../lib/gcc/arm-none-eabi/10.3.1/../../../../arm-none-eabi/lib/thumb/v6-m/nofp\libg.a(lib_a-sbrkr.o)
 .ARM.attributes
                0x0000082a       0x2c d:/progra~2/stmicr~1/gcc-ar~1/bin/../lib/gcc/arm-none-eabi/10.3.1/../../../../arm-none-eabi/lib/thumb/v6-m/nofp\libg.a(lib_a-stdio.o)
 .ARM.attributes
                0x00000856       0x2c d:/progra~2/stmicr~1/gcc-ar~1/bin/../lib/gcc/arm-none-eabi/10.3.1/../../../../arm-none-eabi/lib/thumb/v6-m/nofp\libg.a(lib_a-writer.o)
 .ARM.attributes
                0x00000882       0x2c d:/progra~2/stmicr~1/gcc-ar~1/bin/../lib/gcc/arm-none-eabi/10.3.1/../../../../arm-none-eabi/lib/thumb/v6-m/nofp\libg.a(lib_a-wsetup.o)
 .ARM.attributes
                0x000008ae       0x2c d:/progra~2/stmicr~1/gcc-ar~1/bin/../lib/gcc/arm-none-eabi/10.3.1/../../../../arm-none-eabi/lib/thumb/v6-m/nofp\libg.a(lib_a-__atexit.o)
 .ARM.attributes
                0x000008da       0x2c d:/progra~2/stmicr~1/gcc-ar~1/bin/../lib/gcc/arm-none-eabi/10.3.1/../../../../arm-none-eabi/lib/thumb/v6-m/nofp\libg.a(lib_a-closer.o)
 .ARM.attributes
                0x00000906       0x2c d:/progra~2/stmicr~1/gcc-ar~1/bin/../lib/gcc/arm-none-eabi/10.3.1/../../../../arm-none-eabi/lib/thumb/v6-m/nofp\libg.a(lib_a-fclose.o)
 .ARM.attributes
                0x00000932       0x2c d:/progra~2/stmicr~1/gcc-ar~1/bin/../lib/gcc/arm-none-eabi/10.3.1/../../../../arm-none-eabi/lib/thumb/v6-m/nofp\libg.a(lib_a-fflush.o)
 .ARM.attributes
                0x0000095e       0x2c d:/progra~2/stmicr~1/gcc-ar~1/bin/../lib/gcc/arm-none-eabi/10.3.1/../../../../arm-none-eabi/lib/thumb/v6-m/nofp\libg.a(lib_a-freer.o)
 .ARM.attributes
                0x0000098a       0x2c d:/progra~2/stmicr~1/gcc-ar~1/bin/../lib/gcc/arm-none-eabi/10.3.1/../../../../arm-none-eabi/lib/thumb/v6-m/nofp\libg.a(lib_a-lseekr.o)
 .ARM.attributes
                0x000009b6       0x2c d:/progra~2/stmicr~1/gcc-ar~1/bin/../lib/gcc/arm-none-eabi/10.3.1/../../../../arm-none-eabi/lib/thumb/v6-m/nofp\libg.a(lib_a-makebuf.o)
 .ARM.attributes
                0x000009e2       0x2c d:/progra~2/stmicr~1/gcc-ar~1/bin/../lib/gcc/arm-none-eabi/10.3.1/../../../../arm-none-eabi/lib/thumb/v6-m/nofp\libg.a(lib_a-readr.o)
 .ARM.attributes
                0x00000a0e       0x2c d:/progra~2/stmicr~1/gcc-ar~1/bin/../lib/gcc/arm-none-eabi/10.3.1/../../../../arm-none-eabi/lib/thumb/v6-m/nofp\libg.a(lib_a-reent.o)
 .ARM.attributes
                0x00000a3a       0x2c d:/progra~2/stmicr~1/gcc-ar~1/bin/../lib/gcc/arm-none-eabi/10.3.1/../../../../arm-none-eabi/lib/thumb/v6-m/nofp\libg.a(lib_a-fstatr.o)
 .ARM.attributes
                0x00000a66       0x2c d:/progra~2/stmicr~1/gcc-ar~1/bin/../lib/gcc/arm-none-eabi/10.3.1/../../../../arm-none-eabi/lib/thumb/v6-m/nofp\libg.a(lib_a-isattyr.o)
 .ARM.attributes
                0x00000a92       0x1e d:/progra~2/stmicr~1/gcc-ar~1/bin/../lib/gcc/arm-none-eabi/10.3.1/thumb/v6-m/nofp/crtn.o
OUTPUT(ST-VFD.elf elf32-littlearm)
LOAD linker stubs
LOAD d:/progra~2/stmicr~1/gcc-ar~1/bin/../lib/gcc/arm-none-eabi/10.3.1/../../../../arm-none-eabi/lib/thumb/v6-m/nofp\libc.a
LOAD d:/progra~2/stmicr~1/gcc-ar~1/bin/../lib/gcc/arm-none-eabi/10.3.1/../../../../arm-none-eabi/lib/thumb/v6-m/nofp\libm.a
LOAD d:/progra~2/stmicr~1/gcc-ar~1/bin/../lib/gcc/arm-none-eabi/10.3.1/thumb/v6-m/nofp\libgcc.a

.debug_info     0x00000000    0x1673e
 .debug_info    0x00000000      0x3c9 CMakeFiles/ST-VFD.elf.dir/Core/Src/dma.c.obj
 .debug_info    0x000003c9      0x4fe CMakeFiles/ST-VFD.elf.dir/Core/Src/gpio.c.obj
 .debug_info    0x000008c7      0xb64 CMakeFiles/ST-VFD.elf.dir/Core/Src/main.c.obj
 .debug_info    0x0000142b      0x2c1 CMakeFiles/ST-VFD.elf.dir/Core/Src/stm32g0xx_hal_msp.c.obj
 .debug_info    0x000016ec      0x4c7 CMakeFiles/ST-VFD.elf.dir/Core/Src/stm32g0xx_it.c.obj
 .debug_info    0x00001bb3      0x7af CMakeFiles/ST-VFD.elf.dir/Core/Src/syscalls.c.obj
 .debug_info    0x00002362      0x17c CMakeFiles/ST-VFD.elf.dir/Core/Src/sysmem.c.obj
 .debug_info    0x000024de      0x38d CMakeFiles/ST-VFD.elf.dir/Core/Src/system_stm32g0xx.c.obj
 .debug_info    0x0000286b     0x108e CMakeFiles/ST-VFD.elf.dir/Core/Src/tim.c.obj
 .debug_info    0x000038f9      0xeee CMakeFiles/ST-VFD.elf.dir/Core/Src/usart.c.obj
 .debug_info    0x000047e7       0x22 CMakeFiles/ST-VFD.elf.dir/Core/Startup/startup_stm32g070rbtx.s.obj
 .debug_info    0x00004809      0x2b9 CMakeFiles/ST-VFD.elf.dir/Core/User/Src/index.c.obj
 .debug_info    0x00004ac2      0x97b CMakeFiles/ST-VFD.elf.dir/Core/User/Src/ws2812b.c.obj
 .debug_info    0x0000543d      0x9c6 CMakeFiles/ST-VFD.elf.dir/Drivers/STM32G0xx_HAL_Driver/Src/stm32g0xx_hal.c.obj
 .debug_info    0x00005e03      0xa4b CMakeFiles/ST-VFD.elf.dir/Drivers/STM32G0xx_HAL_Driver/Src/stm32g0xx_hal_cortex.c.obj
 .debug_info    0x0000684e      0xa54 CMakeFiles/ST-VFD.elf.dir/Drivers/STM32G0xx_HAL_Driver/Src/stm32g0xx_hal_dma.c.obj
 .debug_info    0x000072a2      0x62f CMakeFiles/ST-VFD.elf.dir/Drivers/STM32G0xx_HAL_Driver/Src/stm32g0xx_hal_gpio.c.obj
 .debug_info    0x000078d1      0x558 CMakeFiles/ST-VFD.elf.dir/Drivers/STM32G0xx_HAL_Driver/Src/stm32g0xx_hal_pwr_ex.c.obj
 .debug_info    0x00007e29      0xd38 CMakeFiles/ST-VFD.elf.dir/Drivers/STM32G0xx_HAL_Driver/Src/stm32g0xx_hal_rcc.c.obj
 .debug_info    0x00008b61      0x8f6 CMakeFiles/ST-VFD.elf.dir/Drivers/STM32G0xx_HAL_Driver/Src/stm32g0xx_hal_rcc_ex.c.obj
 .debug_info    0x00009457     0x3fe4 CMakeFiles/ST-VFD.elf.dir/Drivers/STM32G0xx_HAL_Driver/Src/stm32g0xx_hal_tim.c.obj
 .debug_info    0x0000d43b     0x1f49 CMakeFiles/ST-VFD.elf.dir/Drivers/STM32G0xx_HAL_Driver/Src/stm32g0xx_hal_tim_ex.c.obj
 .debug_info    0x0000f384     0x6184 CMakeFiles/ST-VFD.elf.dir/Drivers/STM32G0xx_HAL_Driver/Src/stm32g0xx_hal_uart.c.obj
 .debug_info    0x00015508     0x1236 CMakeFiles/ST-VFD.elf.dir/Drivers/STM32G0xx_HAL_Driver/Src/stm32g0xx_hal_uart_ex.c.obj

.debug_abbrev   0x00000000     0x2d6a
 .debug_abbrev  0x00000000      0x13e CMakeFiles/ST-VFD.elf.dir/Core/Src/dma.c.obj
 .debug_abbrev  0x0000013e      0x177 CMakeFiles/ST-VFD.elf.dir/Core/Src/gpio.c.obj
 .debug_abbrev  0x000002b5      0x227 CMakeFiles/ST-VFD.elf.dir/Core/Src/main.c.obj
 .debug_abbrev  0x000004dc      0x10c CMakeFiles/ST-VFD.elf.dir/Core/Src/stm32g0xx_hal_msp.c.obj
 .debug_abbrev  0x000005e8      0x14f CMakeFiles/ST-VFD.elf.dir/Core/Src/stm32g0xx_it.c.obj
 .debug_abbrev  0x00000737      0x1a3 CMakeFiles/ST-VFD.elf.dir/Core/Src/syscalls.c.obj
 .debug_abbrev  0x000008da       0xe7 CMakeFiles/ST-VFD.elf.dir/Core/Src/sysmem.c.obj
 .debug_abbrev  0x000009c1      0x142 CMakeFiles/ST-VFD.elf.dir/Core/Src/system_stm32g0xx.c.obj
 .debug_abbrev  0x00000b03      0x222 CMakeFiles/ST-VFD.elf.dir/Core/Src/tim.c.obj
 .debug_abbrev  0x00000d25      0x204 CMakeFiles/ST-VFD.elf.dir/Core/Src/usart.c.obj
 .debug_abbrev  0x00000f29       0x12 CMakeFiles/ST-VFD.elf.dir/Core/Startup/startup_stm32g070rbtx.s.obj
 .debug_abbrev  0x00000f3b      0x118 CMakeFiles/ST-VFD.elf.dir/Core/User/Src/index.c.obj
 .debug_abbrev  0x00001053      0x1d7 CMakeFiles/ST-VFD.elf.dir/Core/User/Src/ws2812b.c.obj
 .debug_abbrev  0x0000122a      0x29c CMakeFiles/ST-VFD.elf.dir/Drivers/STM32G0xx_HAL_Driver/Src/stm32g0xx_hal.c.obj
 .debug_abbrev  0x000014c6      0x2af CMakeFiles/ST-VFD.elf.dir/Drivers/STM32G0xx_HAL_Driver/Src/stm32g0xx_hal_cortex.c.obj
 .debug_abbrev  0x00001775      0x20a CMakeFiles/ST-VFD.elf.dir/Drivers/STM32G0xx_HAL_Driver/Src/stm32g0xx_hal_dma.c.obj
 .debug_abbrev  0x0000197f      0x1fd CMakeFiles/ST-VFD.elf.dir/Drivers/STM32G0xx_HAL_Driver/Src/stm32g0xx_hal_gpio.c.obj
 .debug_abbrev  0x00001b7c      0x1f8 CMakeFiles/ST-VFD.elf.dir/Drivers/STM32G0xx_HAL_Driver/Src/stm32g0xx_hal_pwr_ex.c.obj
 .debug_abbrev  0x00001d74      0x29a CMakeFiles/ST-VFD.elf.dir/Drivers/STM32G0xx_HAL_Driver/Src/stm32g0xx_hal_rcc.c.obj
 .debug_abbrev  0x0000200e      0x24e CMakeFiles/ST-VFD.elf.dir/Drivers/STM32G0xx_HAL_Driver/Src/stm32g0xx_hal_rcc_ex.c.obj
 .debug_abbrev  0x0000225c      0x254 CMakeFiles/ST-VFD.elf.dir/Drivers/STM32G0xx_HAL_Driver/Src/stm32g0xx_hal_tim.c.obj
 .debug_abbrev  0x000024b0      0x26a CMakeFiles/ST-VFD.elf.dir/Drivers/STM32G0xx_HAL_Driver/Src/stm32g0xx_hal_tim_ex.c.obj
 .debug_abbrev  0x0000271a      0x33b CMakeFiles/ST-VFD.elf.dir/Drivers/STM32G0xx_HAL_Driver/Src/stm32g0xx_hal_uart.c.obj
 .debug_abbrev  0x00002a55      0x315 CMakeFiles/ST-VFD.elf.dir/Drivers/STM32G0xx_HAL_Driver/Src/stm32g0xx_hal_uart_ex.c.obj

.debug_aranges  0x00000000      0xf10
 .debug_aranges
                0x00000000       0x20 CMakeFiles/ST-VFD.elf.dir/Core/Src/dma.c.obj
 .debug_aranges
                0x00000020       0x20 CMakeFiles/ST-VFD.elf.dir/Core/Src/gpio.c.obj
 .debug_aranges
                0x00000040       0x38 CMakeFiles/ST-VFD.elf.dir/Core/Src/main.c.obj
 .debug_aranges
                0x00000078       0x20 CMakeFiles/ST-VFD.elf.dir/Core/Src/stm32g0xx_hal_msp.c.obj
 .debug_aranges
                0x00000098       0x50 CMakeFiles/ST-VFD.elf.dir/Core/Src/stm32g0xx_it.c.obj
 .debug_aranges
                0x000000e8       0xa8 CMakeFiles/ST-VFD.elf.dir/Core/Src/syscalls.c.obj
 .debug_aranges
                0x00000190       0x20 CMakeFiles/ST-VFD.elf.dir/Core/Src/sysmem.c.obj
 .debug_aranges
                0x000001b0       0x28 CMakeFiles/ST-VFD.elf.dir/Core/Src/system_stm32g0xx.c.obj
 .debug_aranges
                0x000001d8       0x40 CMakeFiles/ST-VFD.elf.dir/Core/Src/tim.c.obj
 .debug_aranges
                0x00000218       0x38 CMakeFiles/ST-VFD.elf.dir/Core/Src/usart.c.obj
 .debug_aranges
                0x00000250       0x28 CMakeFiles/ST-VFD.elf.dir/Core/Startup/startup_stm32g070rbtx.s.obj
 .debug_aranges
                0x00000278       0x28 CMakeFiles/ST-VFD.elf.dir/Core/User/Src/index.c.obj
 .debug_aranges
                0x000002a0       0x20 CMakeFiles/ST-VFD.elf.dir/Core/User/Src/ws2812b.c.obj
 .debug_aranges
                0x000002c0       0xf8 CMakeFiles/ST-VFD.elf.dir/Drivers/STM32G0xx_HAL_Driver/Src/stm32g0xx_hal.c.obj
 .debug_aranges
                0x000003b8       0x90 CMakeFiles/ST-VFD.elf.dir/Drivers/STM32G0xx_HAL_Driver/Src/stm32g0xx_hal_cortex.c.obj
 .debug_aranges
                0x00000448       0x90 CMakeFiles/ST-VFD.elf.dir/Drivers/STM32G0xx_HAL_Driver/Src/stm32g0xx_hal_dma.c.obj
 .debug_aranges
                0x000004d8       0x60 CMakeFiles/ST-VFD.elf.dir/Drivers/STM32G0xx_HAL_Driver/Src/stm32g0xx_hal_gpio.c.obj
 .debug_aranges
                0x00000538       0x98 CMakeFiles/ST-VFD.elf.dir/Drivers/STM32G0xx_HAL_Driver/Src/stm32g0xx_hal_pwr_ex.c.obj
 .debug_aranges
                0x000005d0       0x98 CMakeFiles/ST-VFD.elf.dir/Drivers/STM32G0xx_HAL_Driver/Src/stm32g0xx_hal_rcc.c.obj
 .debug_aranges
                0x00000668       0x40 CMakeFiles/ST-VFD.elf.dir/Drivers/STM32G0xx_HAL_Driver/Src/stm32g0xx_hal_rcc_ex.c.obj
 .debug_aranges
                0x000006a8      0x3e0 CMakeFiles/ST-VFD.elf.dir/Drivers/STM32G0xx_HAL_Driver/Src/stm32g0xx_hal_tim.c.obj
 .debug_aranges
                0x00000a88      0x198 CMakeFiles/ST-VFD.elf.dir/Drivers/STM32G0xx_HAL_Driver/Src/stm32g0xx_hal_tim_ex.c.obj
 .debug_aranges
                0x00000c20      0x248 CMakeFiles/ST-VFD.elf.dir/Drivers/STM32G0xx_HAL_Driver/Src/stm32g0xx_hal_uart.c.obj
 .debug_aranges
                0x00000e68       0xa8 CMakeFiles/ST-VFD.elf.dir/Drivers/STM32G0xx_HAL_Driver/Src/stm32g0xx_hal_uart_ex.c.obj

.debug_ranges   0x00000000      0xe30
 .debug_ranges  0x00000000       0x10 CMakeFiles/ST-VFD.elf.dir/Core/Src/dma.c.obj
 .debug_ranges  0x00000010       0x10 CMakeFiles/ST-VFD.elf.dir/Core/Src/gpio.c.obj
 .debug_ranges  0x00000020       0x28 CMakeFiles/ST-VFD.elf.dir/Core/Src/main.c.obj
 .debug_ranges  0x00000048       0x10 CMakeFiles/ST-VFD.elf.dir/Core/Src/stm32g0xx_hal_msp.c.obj
 .debug_ranges  0x00000058       0x40 CMakeFiles/ST-VFD.elf.dir/Core/Src/stm32g0xx_it.c.obj
 .debug_ranges  0x00000098       0x98 CMakeFiles/ST-VFD.elf.dir/Core/Src/syscalls.c.obj
 .debug_ranges  0x00000130       0x10 CMakeFiles/ST-VFD.elf.dir/Core/Src/sysmem.c.obj
 .debug_ranges  0x00000140       0x18 CMakeFiles/ST-VFD.elf.dir/Core/Src/system_stm32g0xx.c.obj
 .debug_ranges  0x00000158       0x30 CMakeFiles/ST-VFD.elf.dir/Core/Src/tim.c.obj
 .debug_ranges  0x00000188       0x28 CMakeFiles/ST-VFD.elf.dir/Core/Src/usart.c.obj
 .debug_ranges  0x000001b0       0x20 CMakeFiles/ST-VFD.elf.dir/Core/Startup/startup_stm32g070rbtx.s.obj
 .debug_ranges  0x000001d0       0x18 CMakeFiles/ST-VFD.elf.dir/Core/User/Src/index.c.obj
 .debug_ranges  0x000001e8       0x10 CMakeFiles/ST-VFD.elf.dir/Core/User/Src/ws2812b.c.obj
 .debug_ranges  0x000001f8       0xe8 CMakeFiles/ST-VFD.elf.dir/Drivers/STM32G0xx_HAL_Driver/Src/stm32g0xx_hal.c.obj
 .debug_ranges  0x000002e0       0xe0 CMakeFiles/ST-VFD.elf.dir/Drivers/STM32G0xx_HAL_Driver/Src/stm32g0xx_hal_cortex.c.obj
 .debug_ranges  0x000003c0       0x80 CMakeFiles/ST-VFD.elf.dir/Drivers/STM32G0xx_HAL_Driver/Src/stm32g0xx_hal_dma.c.obj
 .debug_ranges  0x00000440       0x50 CMakeFiles/ST-VFD.elf.dir/Drivers/STM32G0xx_HAL_Driver/Src/stm32g0xx_hal_gpio.c.obj
 .debug_ranges  0x00000490       0x88 CMakeFiles/ST-VFD.elf.dir/Drivers/STM32G0xx_HAL_Driver/Src/stm32g0xx_hal_pwr_ex.c.obj
 .debug_ranges  0x00000518       0xa8 CMakeFiles/ST-VFD.elf.dir/Drivers/STM32G0xx_HAL_Driver/Src/stm32g0xx_hal_rcc.c.obj
 .debug_ranges  0x000005c0       0x48 CMakeFiles/ST-VFD.elf.dir/Drivers/STM32G0xx_HAL_Driver/Src/stm32g0xx_hal_rcc_ex.c.obj
 .debug_ranges  0x00000608      0x3d0 CMakeFiles/ST-VFD.elf.dir/Drivers/STM32G0xx_HAL_Driver/Src/stm32g0xx_hal_tim.c.obj
 .debug_ranges  0x000009d8      0x188 CMakeFiles/ST-VFD.elf.dir/Drivers/STM32G0xx_HAL_Driver/Src/stm32g0xx_hal_tim_ex.c.obj
 .debug_ranges  0x00000b60      0x238 CMakeFiles/ST-VFD.elf.dir/Drivers/STM32G0xx_HAL_Driver/Src/stm32g0xx_hal_uart.c.obj
 .debug_ranges  0x00000d98       0x98 CMakeFiles/ST-VFD.elf.dir/Drivers/STM32G0xx_HAL_Driver/Src/stm32g0xx_hal_uart_ex.c.obj

.debug_line     0x00000000    0x125c1
 .debug_line    0x00000000      0x1ce CMakeFiles/ST-VFD.elf.dir/Core/Src/dma.c.obj
 .debug_line    0x000001ce      0x24e CMakeFiles/ST-VFD.elf.dir/Core/Src/gpio.c.obj
 .debug_line    0x0000041c      0x420 CMakeFiles/ST-VFD.elf.dir/Core/Src/main.c.obj
 .debug_line    0x0000083c      0x1d8 CMakeFiles/ST-VFD.elf.dir/Core/Src/stm32g0xx_hal_msp.c.obj
 .debug_line    0x00000a14      0x299 CMakeFiles/ST-VFD.elf.dir/Core/Src/stm32g0xx_it.c.obj
 .debug_line    0x00000cad      0x41e CMakeFiles/ST-VFD.elf.dir/Core/Src/syscalls.c.obj
 .debug_line    0x000010cb      0x1a3 CMakeFiles/ST-VFD.elf.dir/Core/Src/sysmem.c.obj
 .debug_line    0x0000126e      0x2b2 CMakeFiles/ST-VFD.elf.dir/Core/Src/system_stm32g0xx.c.obj
 .debug_line    0x00001520      0x55b CMakeFiles/ST-VFD.elf.dir/Core/Src/tim.c.obj
 .debug_line    0x00001a7b      0x5a6 CMakeFiles/ST-VFD.elf.dir/Core/Src/usart.c.obj
 .debug_line    0x00002021       0xa5 CMakeFiles/ST-VFD.elf.dir/Core/Startup/startup_stm32g070rbtx.s.obj
 .debug_line    0x000020c6      0x1d4 CMakeFiles/ST-VFD.elf.dir/Core/User/Src/index.c.obj
 .debug_line    0x0000229a      0x354 CMakeFiles/ST-VFD.elf.dir/Core/User/Src/ws2812b.c.obj
 .debug_line    0x000025ee      0x60e CMakeFiles/ST-VFD.elf.dir/Drivers/STM32G0xx_HAL_Driver/Src/stm32g0xx_hal.c.obj
 .debug_line    0x00002bfc      0x6c6 CMakeFiles/ST-VFD.elf.dir/Drivers/STM32G0xx_HAL_Driver/Src/stm32g0xx_hal_cortex.c.obj
 .debug_line    0x000032c2      0xb3f CMakeFiles/ST-VFD.elf.dir/Drivers/STM32G0xx_HAL_Driver/Src/stm32g0xx_hal_dma.c.obj
 .debug_line    0x00003e01      0x6d3 CMakeFiles/ST-VFD.elf.dir/Drivers/STM32G0xx_HAL_Driver/Src/stm32g0xx_hal_gpio.c.obj
 .debug_line    0x000044d4      0x590 CMakeFiles/ST-VFD.elf.dir/Drivers/STM32G0xx_HAL_Driver/Src/stm32g0xx_hal_pwr_ex.c.obj
 .debug_line    0x00004a64      0xd9b CMakeFiles/ST-VFD.elf.dir/Drivers/STM32G0xx_HAL_Driver/Src/stm32g0xx_hal_rcc.c.obj
 .debug_line    0x000057ff      0x80c CMakeFiles/ST-VFD.elf.dir/Drivers/STM32G0xx_HAL_Driver/Src/stm32g0xx_hal_rcc_ex.c.obj
 .debug_line    0x0000600b     0x50f3 CMakeFiles/ST-VFD.elf.dir/Drivers/STM32G0xx_HAL_Driver/Src/stm32g0xx_hal_tim.c.obj
 .debug_line    0x0000b0fe     0x1fbd CMakeFiles/ST-VFD.elf.dir/Drivers/STM32G0xx_HAL_Driver/Src/stm32g0xx_hal_tim_ex.c.obj
 .debug_line    0x0000d0bb     0x4824 CMakeFiles/ST-VFD.elf.dir/Drivers/STM32G0xx_HAL_Driver/Src/stm32g0xx_hal_uart.c.obj
 .debug_line    0x000118df      0xce2 CMakeFiles/ST-VFD.elf.dir/Drivers/STM32G0xx_HAL_Driver/Src/stm32g0xx_hal_uart_ex.c.obj

.debug_str      0x00000000     0x4a31
 .debug_str     0x00000000      0x443 CMakeFiles/ST-VFD.elf.dir/Core/Src/dma.c.obj
                                0x492 (size before relaxing)
 .debug_str     0x00000443       0xfc CMakeFiles/ST-VFD.elf.dir/Core/Src/gpio.c.obj
                                0x399 (size before relaxing)
 .debug_str     0x0000053f      0x736 CMakeFiles/ST-VFD.elf.dir/Core/Src/main.c.obj
                                0x997 (size before relaxing)
 .debug_str     0x00000c75       0x69 CMakeFiles/ST-VFD.elf.dir/Core/Src/stm32g0xx_hal_msp.c.obj
                                0x2f1 (size before relaxing)
 .debug_str     0x00000cde      0x100 CMakeFiles/ST-VFD.elf.dir/Core/Src/stm32g0xx_it.c.obj
                                0x57e (size before relaxing)
 .debug_str     0x00000dde      0x227 CMakeFiles/ST-VFD.elf.dir/Core/Src/syscalls.c.obj
                                0x423 (size before relaxing)
 .debug_str     0x00001005       0x91 CMakeFiles/ST-VFD.elf.dir/Core/Src/sysmem.c.obj
                                0x24f (size before relaxing)
 .debug_str     0x00001096       0xb8 CMakeFiles/ST-VFD.elf.dir/Core/Src/system_stm32g0xx.c.obj
                                0x334 (size before relaxing)
 .debug_str     0x0000114e      0x612 CMakeFiles/ST-VFD.elf.dir/Core/Src/tim.c.obj
                                0xcb3 (size before relaxing)
 .debug_str     0x00001760      0x1a5 CMakeFiles/ST-VFD.elf.dir/Core/Src/usart.c.obj
                                0xa91 (size before relaxing)
 .debug_str     0x00001905       0x52 CMakeFiles/ST-VFD.elf.dir/Core/Startup/startup_stm32g070rbtx.s.obj
                                 0x83 (size before relaxing)
 .debug_str     0x00001957       0xfc CMakeFiles/ST-VFD.elf.dir/Core/User/Src/index.c.obj
                                0x2d3 (size before relaxing)
 .debug_str     0x00001a53       0x5b CMakeFiles/ST-VFD.elf.dir/Core/User/Src/ws2812b.c.obj
                                0x8b3 (size before relaxing)
 .debug_str     0x00001aae      0x3a9 CMakeFiles/ST-VFD.elf.dir/Drivers/STM32G0xx_HAL_Driver/Src/stm32g0xx_hal.c.obj
                                0x88e (size before relaxing)
 .debug_str     0x00001e57      0x346 CMakeFiles/ST-VFD.elf.dir/Drivers/STM32G0xx_HAL_Driver/Src/stm32g0xx_hal_cortex.c.obj
                                0x76d (size before relaxing)
 .debug_str     0x0000219d      0x2a7 CMakeFiles/ST-VFD.elf.dir/Drivers/STM32G0xx_HAL_Driver/Src/stm32g0xx_hal_dma.c.obj
                                0x7ce (size before relaxing)
 .debug_str     0x00002444      0x155 CMakeFiles/ST-VFD.elf.dir/Drivers/STM32G0xx_HAL_Driver/Src/stm32g0xx_hal_gpio.c.obj
                                0x449 (size before relaxing)
 .debug_str     0x00002599      0x2ba CMakeFiles/ST-VFD.elf.dir/Drivers/STM32G0xx_HAL_Driver/Src/stm32g0xx_hal_pwr_ex.c.obj
                                0x534 (size before relaxing)
 .debug_str     0x00002853      0x20c CMakeFiles/ST-VFD.elf.dir/Drivers/STM32G0xx_HAL_Driver/Src/stm32g0xx_hal_rcc.c.obj
                                0x7aa (size before relaxing)
 .debug_str     0x00002a5f      0x132 CMakeFiles/ST-VFD.elf.dir/Drivers/STM32G0xx_HAL_Driver/Src/stm32g0xx_hal_rcc_ex.c.obj
                                0x616 (size before relaxing)
 .debug_str     0x00002b91      0xe1e CMakeFiles/ST-VFD.elf.dir/Drivers/STM32G0xx_HAL_Driver/Src/stm32g0xx_hal_tim.c.obj
                               0x1803 (size before relaxing)
 .debug_str     0x000039af      0x592 CMakeFiles/ST-VFD.elf.dir/Drivers/STM32G0xx_HAL_Driver/Src/stm32g0xx_hal_tim_ex.c.obj
                               0x1184 (size before relaxing)
 .debug_str     0x00003f41      0x885 CMakeFiles/ST-VFD.elf.dir/Drivers/STM32G0xx_HAL_Driver/Src/stm32g0xx_hal_uart.c.obj
                               0x1196 (size before relaxing)
 .debug_str     0x000047c6      0x26b CMakeFiles/ST-VFD.elf.dir/Drivers/STM32G0xx_HAL_Driver/Src/stm32g0xx_hal_uart_ex.c.obj
                                0xb90 (size before relaxing)

.comment        0x00000000       0x49
 .comment       0x00000000       0x49 CMakeFiles/ST-VFD.elf.dir/Core/Src/dma.c.obj
                                 0x4a (size before relaxing)
 .comment       0x00000049       0x4a CMakeFiles/ST-VFD.elf.dir/Core/Src/gpio.c.obj
 .comment       0x00000049       0x4a CMakeFiles/ST-VFD.elf.dir/Core/Src/main.c.obj
 .comment       0x00000049       0x4a CMakeFiles/ST-VFD.elf.dir/Core/Src/stm32g0xx_hal_msp.c.obj
 .comment       0x00000049       0x4a CMakeFiles/ST-VFD.elf.dir/Core/Src/stm32g0xx_it.c.obj
 .comment       0x00000049       0x4a CMakeFiles/ST-VFD.elf.dir/Core/Src/syscalls.c.obj
 .comment       0x00000049       0x4a CMakeFiles/ST-VFD.elf.dir/Core/Src/sysmem.c.obj
 .comment       0x00000049       0x4a CMakeFiles/ST-VFD.elf.dir/Core/Src/system_stm32g0xx.c.obj
 .comment       0x00000049       0x4a CMakeFiles/ST-VFD.elf.dir/Core/Src/tim.c.obj
 .comment       0x00000049       0x4a CMakeFiles/ST-VFD.elf.dir/Core/Src/usart.c.obj
 .comment       0x00000049       0x4a CMakeFiles/ST-VFD.elf.dir/Core/User/Src/index.c.obj
 .comment       0x00000049       0x4a CMakeFiles/ST-VFD.elf.dir/Core/User/Src/ws2812b.c.obj
 .comment       0x00000049       0x4a CMakeFiles/ST-VFD.elf.dir/Drivers/STM32G0xx_HAL_Driver/Src/stm32g0xx_hal.c.obj
 .comment       0x00000049       0x4a CMakeFiles/ST-VFD.elf.dir/Drivers/STM32G0xx_HAL_Driver/Src/stm32g0xx_hal_cortex.c.obj
 .comment       0x00000049       0x4a CMakeFiles/ST-VFD.elf.dir/Drivers/STM32G0xx_HAL_Driver/Src/stm32g0xx_hal_dma.c.obj
 .comment       0x00000049       0x4a CMakeFiles/ST-VFD.elf.dir/Drivers/STM32G0xx_HAL_Driver/Src/stm32g0xx_hal_gpio.c.obj
 .comment       0x00000049       0x4a CMakeFiles/ST-VFD.elf.dir/Drivers/STM32G0xx_HAL_Driver/Src/stm32g0xx_hal_pwr_ex.c.obj
 .comment       0x00000049       0x4a CMakeFiles/ST-VFD.elf.dir/Drivers/STM32G0xx_HAL_Driver/Src/stm32g0xx_hal_rcc.c.obj
 .comment       0x00000049       0x4a CMakeFiles/ST-VFD.elf.dir/Drivers/STM32G0xx_HAL_Driver/Src/stm32g0xx_hal_rcc_ex.c.obj
 .comment       0x00000049       0x4a CMakeFiles/ST-VFD.elf.dir/Drivers/STM32G0xx_HAL_Driver/Src/stm32g0xx_hal_tim.c.obj
 .comment       0x00000049       0x4a CMakeFiles/ST-VFD.elf.dir/Drivers/STM32G0xx_HAL_Driver/Src/stm32g0xx_hal_tim_ex.c.obj
 .comment       0x00000049       0x4a CMakeFiles/ST-VFD.elf.dir/Drivers/STM32G0xx_HAL_Driver/Src/stm32g0xx_hal_uart.c.obj
 .comment       0x00000049       0x4a CMakeFiles/ST-VFD.elf.dir/Drivers/STM32G0xx_HAL_Driver/Src/stm32g0xx_hal_uart_ex.c.obj

.debug_frame    0x00000000     0x2fac
 .debug_frame   0x00000000       0x28 CMakeFiles/ST-VFD.elf.dir/Core/Src/dma.c.obj
 .debug_frame   0x00000028       0x38 CMakeFiles/ST-VFD.elf.dir/Core/Src/gpio.c.obj
 .debug_frame   0x00000060       0x70 CMakeFiles/ST-VFD.elf.dir/Core/Src/main.c.obj
 .debug_frame   0x000000d0       0x28 CMakeFiles/ST-VFD.elf.dir/Core/Src/stm32g0xx_hal_msp.c.obj
 .debug_frame   0x000000f8       0x98 CMakeFiles/ST-VFD.elf.dir/Core/Src/stm32g0xx_it.c.obj
 .debug_frame   0x00000190      0x184 CMakeFiles/ST-VFD.elf.dir/Core/Src/syscalls.c.obj
 .debug_frame   0x00000314       0x28 CMakeFiles/ST-VFD.elf.dir/Core/Src/sysmem.c.obj
 .debug_frame   0x0000033c       0x38 CMakeFiles/ST-VFD.elf.dir/Core/Src/system_stm32g0xx.c.obj
 .debug_frame   0x00000374       0x90 CMakeFiles/ST-VFD.elf.dir/Core/Src/tim.c.obj
 .debug_frame   0x00000404       0x74 CMakeFiles/ST-VFD.elf.dir/Core/Src/usart.c.obj
 .debug_frame   0x00000478       0x40 CMakeFiles/ST-VFD.elf.dir/Core/User/Src/index.c.obj
 .debug_frame   0x000004b8       0x2c CMakeFiles/ST-VFD.elf.dir/Core/User/Src/ws2812b.c.obj
 .debug_frame   0x000004e4      0x1fc CMakeFiles/ST-VFD.elf.dir/Drivers/STM32G0xx_HAL_Driver/Src/stm32g0xx_hal.c.obj
 .debug_frame   0x000006e0      0x114 CMakeFiles/ST-VFD.elf.dir/Drivers/STM32G0xx_HAL_Driver/Src/stm32g0xx_hal_cortex.c.obj
 .debug_frame   0x000007f4      0x188 CMakeFiles/ST-VFD.elf.dir/Drivers/STM32G0xx_HAL_Driver/Src/stm32g0xx_hal_dma.c.obj
 .debug_frame   0x0000097c       0xd0 CMakeFiles/ST-VFD.elf.dir/Drivers/STM32G0xx_HAL_Driver/Src/stm32g0xx_hal_gpio.c.obj
 .debug_frame   0x00000a4c      0x120 CMakeFiles/ST-VFD.elf.dir/Drivers/STM32G0xx_HAL_Driver/Src/stm32g0xx_hal_pwr_ex.c.obj
 .debug_frame   0x00000b6c      0x16c CMakeFiles/ST-VFD.elf.dir/Drivers/STM32G0xx_HAL_Driver/Src/stm32g0xx_hal_rcc.c.obj
 .debug_frame   0x00000cd8       0x90 CMakeFiles/ST-VFD.elf.dir/Drivers/STM32G0xx_HAL_Driver/Src/stm32g0xx_hal_rcc_ex.c.obj
 .debug_frame   0x00000d68      0xb18 CMakeFiles/ST-VFD.elf.dir/Drivers/STM32G0xx_HAL_Driver/Src/stm32g0xx_hal_tim.c.obj
 .debug_frame   0x00001880      0x4c0 CMakeFiles/ST-VFD.elf.dir/Drivers/STM32G0xx_HAL_Driver/Src/stm32g0xx_hal_tim_ex.c.obj
 .debug_frame   0x00001d40      0x6e0 CMakeFiles/ST-VFD.elf.dir/Drivers/STM32G0xx_HAL_Driver/Src/stm32g0xx_hal_uart.c.obj
 .debug_frame   0x00002420      0x1e0 CMakeFiles/ST-VFD.elf.dir/Drivers/STM32G0xx_HAL_Driver/Src/stm32g0xx_hal_uart_ex.c.obj
 .debug_frame   0x00002600       0x20 d:/progra~2/stmicr~1/gcc-ar~1/bin/../lib/gcc/arm-none-eabi/10.3.1/thumb/v6-m/nofp\libgcc.a(_udivsi3.o)
 .debug_frame   0x00002620       0x20 d:/progra~2/stmicr~1/gcc-ar~1/bin/../lib/gcc/arm-none-eabi/10.3.1/thumb/v6-m/nofp\libgcc.a(_divsi3.o)
 .debug_frame   0x00002640       0x20 d:/progra~2/stmicr~1/gcc-ar~1/bin/../lib/gcc/arm-none-eabi/10.3.1/../../../../arm-none-eabi/lib/thumb/v6-m/nofp\libg.a(lib_a-errno.o)
 .debug_frame   0x00002660       0x2c d:/progra~2/stmicr~1/gcc-ar~1/bin/../lib/gcc/arm-none-eabi/10.3.1/../../../../arm-none-eabi/lib/thumb/v6-m/nofp\libg.a(lib_a-init.o)
 .debug_frame   0x0000268c       0x30 d:/progra~2/stmicr~1/gcc-ar~1/bin/../lib/gcc/arm-none-eabi/10.3.1/../../../../arm-none-eabi/lib/thumb/v6-m/nofp\libg.a(lib_a-memset.o)
 .debug_frame   0x000026bc       0x44 d:/progra~2/stmicr~1/gcc-ar~1/bin/../lib/gcc/arm-none-eabi/10.3.1/../../../../arm-none-eabi/lib/thumb/v6-m/nofp\libg.a(lib_a-puts.o)
 .debug_frame   0x00002700       0x28 d:/progra~2/stmicr~1/gcc-ar~1/bin/../lib/gcc/arm-none-eabi/10.3.1/../../../../arm-none-eabi/lib/thumb/v6-m/nofp\libg.a(lib_a-strlen-stub.o)
 .debug_frame   0x00002728       0x54 d:/progra~2/stmicr~1/gcc-ar~1/bin/../lib/gcc/arm-none-eabi/10.3.1/../../../../arm-none-eabi/lib/thumb/v6-m/nofp\libg.a(lib_a-__call_atexit.o)
 .debug_frame   0x0000277c       0x28 d:/progra~2/stmicr~1/gcc-ar~1/bin/../lib/gcc/arm-none-eabi/10.3.1/../../../../arm-none-eabi/lib/thumb/v6-m/nofp\libg.a(lib_a-atexit.o)
 .debug_frame   0x000027a4      0x170 d:/progra~2/stmicr~1/gcc-ar~1/bin/../lib/gcc/arm-none-eabi/10.3.1/../../../../arm-none-eabi/lib/thumb/v6-m/nofp\libg.a(lib_a-findfp.o)
 .debug_frame   0x00002914       0x2c d:/progra~2/stmicr~1/gcc-ar~1/bin/../lib/gcc/arm-none-eabi/10.3.1/../../../../arm-none-eabi/lib/thumb/v6-m/nofp\libg.a(lib_a-fini.o)
 .debug_frame   0x00002940       0x3c d:/progra~2/stmicr~1/gcc-ar~1/bin/../lib/gcc/arm-none-eabi/10.3.1/../../../../arm-none-eabi/lib/thumb/v6-m/nofp\libg.a(lib_a-fvwrite.o)
 .debug_frame   0x0000297c       0x5c d:/progra~2/stmicr~1/gcc-ar~1/bin/../lib/gcc/arm-none-eabi/10.3.1/../../../../arm-none-eabi/lib/thumb/v6-m/nofp\libg.a(lib_a-fwalk.o)
 .debug_frame   0x000029d8       0xb0 d:/progra~2/stmicr~1/gcc-ar~1/bin/../lib/gcc/arm-none-eabi/10.3.1/../../../../arm-none-eabi/lib/thumb/v6-m/nofp\libg.a(lib_a-lock.o)
 .debug_frame   0x00002a88       0x3c d:/progra~2/stmicr~1/gcc-ar~1/bin/../lib/gcc/arm-none-eabi/10.3.1/../../../../arm-none-eabi/lib/thumb/v6-m/nofp\libg.a(lib_a-mallocr.o)
 .debug_frame   0x00002ac4       0x2c d:/progra~2/stmicr~1/gcc-ar~1/bin/../lib/gcc/arm-none-eabi/10.3.1/../../../../arm-none-eabi/lib/thumb/v6-m/nofp\libg.a(lib_a-memchr-stub.o)
 .debug_frame   0x00002af0       0x34 d:/progra~2/stmicr~1/gcc-ar~1/bin/../lib/gcc/arm-none-eabi/10.3.1/../../../../arm-none-eabi/lib/thumb/v6-m/nofp\libg.a(lib_a-memcpy-stub.o)
 .debug_frame   0x00002b24       0x30 d:/progra~2/stmicr~1/gcc-ar~1/bin/../lib/gcc/arm-none-eabi/10.3.1/../../../../arm-none-eabi/lib/thumb/v6-m/nofp\libg.a(lib_a-memmove.o)
 .debug_frame   0x00002b54       0x40 d:/progra~2/stmicr~1/gcc-ar~1/bin/../lib/gcc/arm-none-eabi/10.3.1/../../../../arm-none-eabi/lib/thumb/v6-m/nofp\libg.a(lib_a-mlock.o)
 .debug_frame   0x00002b94       0x3c d:/progra~2/stmicr~1/gcc-ar~1/bin/../lib/gcc/arm-none-eabi/10.3.1/../../../../arm-none-eabi/lib/thumb/v6-m/nofp\libg.a(lib_a-reallocr.o)
 .debug_frame   0x00002bd0       0x2c d:/progra~2/stmicr~1/gcc-ar~1/bin/../lib/gcc/arm-none-eabi/10.3.1/../../../../arm-none-eabi/lib/thumb/v6-m/nofp\libg.a(lib_a-sbrkr.o)
 .debug_frame   0x00002bfc       0x90 d:/progra~2/stmicr~1/gcc-ar~1/bin/../lib/gcc/arm-none-eabi/10.3.1/../../../../arm-none-eabi/lib/thumb/v6-m/nofp\libg.a(lib_a-stdio.o)
 .debug_frame   0x00002c8c       0x2c d:/progra~2/stmicr~1/gcc-ar~1/bin/../lib/gcc/arm-none-eabi/10.3.1/../../../../arm-none-eabi/lib/thumb/v6-m/nofp\libg.a(lib_a-writer.o)
 .debug_frame   0x00002cb8       0x2c d:/progra~2/stmicr~1/gcc-ar~1/bin/../lib/gcc/arm-none-eabi/10.3.1/../../../../arm-none-eabi/lib/thumb/v6-m/nofp\libg.a(lib_a-wsetup.o)
 .debug_frame   0x00002ce4       0x3c d:/progra~2/stmicr~1/gcc-ar~1/bin/../lib/gcc/arm-none-eabi/10.3.1/../../../../arm-none-eabi/lib/thumb/v6-m/nofp\libg.a(lib_a-__atexit.o)
 .debug_frame   0x00002d20       0x2c d:/progra~2/stmicr~1/gcc-ar~1/bin/../lib/gcc/arm-none-eabi/10.3.1/../../../../arm-none-eabi/lib/thumb/v6-m/nofp\libg.a(lib_a-closer.o)
 .debug_frame   0x00002d4c       0x48 d:/progra~2/stmicr~1/gcc-ar~1/bin/../lib/gcc/arm-none-eabi/10.3.1/../../../../arm-none-eabi/lib/thumb/v6-m/nofp\libg.a(lib_a-fclose.o)
 .debug_frame   0x00002d94       0x6c d:/progra~2/stmicr~1/gcc-ar~1/bin/../lib/gcc/arm-none-eabi/10.3.1/../../../../arm-none-eabi/lib/thumb/v6-m/nofp\libg.a(lib_a-fflush.o)
 .debug_frame   0x00002e00       0x54 d:/progra~2/stmicr~1/gcc-ar~1/bin/../lib/gcc/arm-none-eabi/10.3.1/../../../../arm-none-eabi/lib/thumb/v6-m/nofp\libg.a(lib_a-freer.o)
 .debug_frame   0x00002e54       0x2c d:/progra~2/stmicr~1/gcc-ar~1/bin/../lib/gcc/arm-none-eabi/10.3.1/../../../../arm-none-eabi/lib/thumb/v6-m/nofp\libg.a(lib_a-lseekr.o)
 .debug_frame   0x00002e80       0x58 d:/progra~2/stmicr~1/gcc-ar~1/bin/../lib/gcc/arm-none-eabi/10.3.1/../../../../arm-none-eabi/lib/thumb/v6-m/nofp\libg.a(lib_a-makebuf.o)
 .debug_frame   0x00002ed8       0x2c d:/progra~2/stmicr~1/gcc-ar~1/bin/../lib/gcc/arm-none-eabi/10.3.1/../../../../arm-none-eabi/lib/thumb/v6-m/nofp\libg.a(lib_a-readr.o)
 .debug_frame   0x00002f04       0x50 d:/progra~2/stmicr~1/gcc-ar~1/bin/../lib/gcc/arm-none-eabi/10.3.1/../../../../arm-none-eabi/lib/thumb/v6-m/nofp\libg.a(lib_a-reent.o)
 .debug_frame   0x00002f54       0x2c d:/progra~2/stmicr~1/gcc-ar~1/bin/../lib/gcc/arm-none-eabi/10.3.1/../../../../arm-none-eabi/lib/thumb/v6-m/nofp\libg.a(lib_a-fstatr.o)
 .debug_frame   0x00002f80       0x2c d:/progra~2/stmicr~1/gcc-ar~1/bin/../lib/gcc/arm-none-eabi/10.3.1/../../../../arm-none-eabi/lib/thumb/v6-m/nofp\libg.a(lib_a-isattyr.o)

.debug_loc      0x00000000     0xff03
 .debug_loc     0x00000000       0x23 CMakeFiles/ST-VFD.elf.dir/Core/Src/main.c.obj
 .debug_loc     0x00000023      0x3d0 CMakeFiles/ST-VFD.elf.dir/Core/Src/syscalls.c.obj
 .debug_loc     0x000003f3       0x93 CMakeFiles/ST-VFD.elf.dir/Core/Src/sysmem.c.obj
 .debug_loc     0x00000486       0xa9 CMakeFiles/ST-VFD.elf.dir/Core/Src/system_stm32g0xx.c.obj
 .debug_loc     0x0000052f       0xcd CMakeFiles/ST-VFD.elf.dir/Core/Src/tim.c.obj
 .debug_loc     0x000005fc       0xa5 CMakeFiles/ST-VFD.elf.dir/Core/Src/usart.c.obj
 .debug_loc     0x000006a1       0x62 CMakeFiles/ST-VFD.elf.dir/Core/User/Src/ws2812b.c.obj
 .debug_loc     0x00000703      0x1bd CMakeFiles/ST-VFD.elf.dir/Drivers/STM32G0xx_HAL_Driver/Src/stm32g0xx_hal.c.obj
 .debug_loc     0x000008c0      0x458 CMakeFiles/ST-VFD.elf.dir/Drivers/STM32G0xx_HAL_Driver/Src/stm32g0xx_hal_cortex.c.obj
 .debug_loc     0x00000d18      0x93e CMakeFiles/ST-VFD.elf.dir/Drivers/STM32G0xx_HAL_Driver/Src/stm32g0xx_hal_dma.c.obj
 .debug_loc     0x00001656      0x3a7 CMakeFiles/ST-VFD.elf.dir/Drivers/STM32G0xx_HAL_Driver/Src/stm32g0xx_hal_gpio.c.obj
 .debug_loc     0x000019fd      0x2e0 CMakeFiles/ST-VFD.elf.dir/Drivers/STM32G0xx_HAL_Driver/Src/stm32g0xx_hal_pwr_ex.c.obj
 .debug_loc     0x00001cdd      0x717 CMakeFiles/ST-VFD.elf.dir/Drivers/STM32G0xx_HAL_Driver/Src/stm32g0xx_hal_rcc.c.obj
 .debug_loc     0x000023f4      0x7bd CMakeFiles/ST-VFD.elf.dir/Drivers/STM32G0xx_HAL_Driver/Src/stm32g0xx_hal_rcc_ex.c.obj
 .debug_loc     0x00002bb1     0x587d CMakeFiles/ST-VFD.elf.dir/Drivers/STM32G0xx_HAL_Driver/Src/stm32g0xx_hal_tim.c.obj
 .debug_loc     0x0000842e     0x297c CMakeFiles/ST-VFD.elf.dir/Drivers/STM32G0xx_HAL_Driver/Src/stm32g0xx_hal_tim_ex.c.obj
 .debug_loc     0x0000adaa     0x450a CMakeFiles/ST-VFD.elf.dir/Drivers/STM32G0xx_HAL_Driver/Src/stm32g0xx_hal_uart.c.obj
 .debug_loc     0x0000f2b4      0xc4f CMakeFiles/ST-VFD.elf.dir/Drivers/STM32G0xx_HAL_Driver/Src/stm32g0xx_hal_uart_ex.c.obj
